Archive member included to satisfy reference by file (symbol)

/usr/lib/gcc/arm-none-eabi/14.2.0/thumb/v7e-m+fp/hard/libgcc.a(_arm_muldf3.o)
                              CMakeFiles/ESC.dir/Core/Src/main.c.obj (__aeabi_dmul)
/usr/lib/gcc/arm-none-eabi/14.2.0/thumb/v7e-m+fp/hard/libgcc.a(_arm_addsubdf3.o)
                              CMakeFiles/ESC.dir/Core/Src/main.c.obj (__aeabi_dsub)
/usr/lib/gcc/arm-none-eabi/14.2.0/thumb/v7e-m+fp/hard/libgcc.a(_arm_muldivdf3.o)
                              CMakeFiles/ESC.dir/Core/Src/main.c.obj (__aeabi_ddiv)
/usr/lib/gcc/arm-none-eabi/14.2.0/thumb/v7e-m+fp/hard/libgcc.a(_arm_cmpdf2.o)
                              CMakeFiles/ESC.dir/Core/Src/main.c.obj (__aeabi_dcmpeq)
/usr/lib/gcc/arm-none-eabi/14.2.0/thumb/v7e-m+fp/hard/libgcc.a(_arm_fixunsdfsi.o)
                              CMakeFiles/ESC.dir/Core/Src/main.c.obj (__aeabi_d2uiz)
/usr/lib/gcc/arm-none-eabi/14.2.0/thumb/v7e-m+fp/hard/libgcc.a(_arm_truncdfsf2.o)
                              CMakeFiles/ESC.dir/Core/Src/main.c.obj (__aeabi_d2f)
/usr/lib/gcc/arm-none-eabi/14.2.0/../../../../arm-none-eabi/lib/thumb/v7e-m+fp/hard/libg_nano.a(libc_a-atexit.o)
                              /usr/lib/gcc/arm-none-eabi/14.2.0/../../../../arm-none-eabi/lib/thumb/v7e-m+fp/hard/crt0.o (atexit)
/usr/lib/gcc/arm-none-eabi/14.2.0/../../../../arm-none-eabi/lib/thumb/v7e-m+fp/hard/libg_nano.a(libc_a-exit.o)
                              /usr/lib/gcc/arm-none-eabi/14.2.0/../../../../arm-none-eabi/lib/thumb/v7e-m+fp/hard/crt0.o (exit)
/usr/lib/gcc/arm-none-eabi/14.2.0/../../../../arm-none-eabi/lib/thumb/v7e-m+fp/hard/libg_nano.a(libc_a-findfp.o)
                              /usr/lib/gcc/arm-none-eabi/14.2.0/../../../../arm-none-eabi/lib/thumb/v7e-m+fp/hard/libg_nano.a(libc_a-exit.o) (__stdio_exit_handler)
/usr/lib/gcc/arm-none-eabi/14.2.0/../../../../arm-none-eabi/lib/thumb/v7e-m+fp/hard/libg_nano.a(libc_a-fwalk.o)
                              /usr/lib/gcc/arm-none-eabi/14.2.0/../../../../arm-none-eabi/lib/thumb/v7e-m+fp/hard/libg_nano.a(libc_a-findfp.o) (_fwalk_sglue)
/usr/lib/gcc/arm-none-eabi/14.2.0/../../../../arm-none-eabi/lib/thumb/v7e-m+fp/hard/libg_nano.a(libc_a-stdio.o)
                              /usr/lib/gcc/arm-none-eabi/14.2.0/../../../../arm-none-eabi/lib/thumb/v7e-m+fp/hard/libg_nano.a(libc_a-findfp.o) (__sread)
/usr/lib/gcc/arm-none-eabi/14.2.0/../../../../arm-none-eabi/lib/thumb/v7e-m+fp/hard/libg_nano.a(libc_a-memset.o)
                              /usr/lib/gcc/arm-none-eabi/14.2.0/../../../../arm-none-eabi/lib/thumb/v7e-m+fp/hard/crt0.o (memset)
/usr/lib/gcc/arm-none-eabi/14.2.0/../../../../arm-none-eabi/lib/thumb/v7e-m+fp/hard/libg_nano.a(libc_a-closer.o)
                              /usr/lib/gcc/arm-none-eabi/14.2.0/../../../../arm-none-eabi/lib/thumb/v7e-m+fp/hard/libg_nano.a(libc_a-stdio.o) (_close_r)
/usr/lib/gcc/arm-none-eabi/14.2.0/../../../../arm-none-eabi/lib/thumb/v7e-m+fp/hard/libg_nano.a(libc_a-reent.o)
                              /usr/lib/gcc/arm-none-eabi/14.2.0/../../../../arm-none-eabi/lib/thumb/v7e-m+fp/hard/libg_nano.a(libc_a-closer.o) (errno)
/usr/lib/gcc/arm-none-eabi/14.2.0/../../../../arm-none-eabi/lib/thumb/v7e-m+fp/hard/libg_nano.a(libc_a-impure.o)
                              /usr/lib/gcc/arm-none-eabi/14.2.0/../../../../arm-none-eabi/lib/thumb/v7e-m+fp/hard/libg_nano.a(libc_a-reent.o) (_impure_ptr)
/usr/lib/gcc/arm-none-eabi/14.2.0/../../../../arm-none-eabi/lib/thumb/v7e-m+fp/hard/libg_nano.a(libc_a-lseekr.o)
                              /usr/lib/gcc/arm-none-eabi/14.2.0/../../../../arm-none-eabi/lib/thumb/v7e-m+fp/hard/libg_nano.a(libc_a-stdio.o) (_lseek_r)
/usr/lib/gcc/arm-none-eabi/14.2.0/../../../../arm-none-eabi/lib/thumb/v7e-m+fp/hard/libg_nano.a(libc_a-readr.o)
                              /usr/lib/gcc/arm-none-eabi/14.2.0/../../../../arm-none-eabi/lib/thumb/v7e-m+fp/hard/libg_nano.a(libc_a-stdio.o) (_read_r)
/usr/lib/gcc/arm-none-eabi/14.2.0/../../../../arm-none-eabi/lib/thumb/v7e-m+fp/hard/libg_nano.a(libc_a-writer.o)
                              /usr/lib/gcc/arm-none-eabi/14.2.0/../../../../arm-none-eabi/lib/thumb/v7e-m+fp/hard/libg_nano.a(libc_a-stdio.o) (_write_r)
/usr/lib/gcc/arm-none-eabi/14.2.0/../../../../arm-none-eabi/lib/thumb/v7e-m+fp/hard/libg_nano.a(libc_a-errno.o)
                              CMakeFiles/ESC.dir/Core/Src/sysmem.c.obj (__errno)
/usr/lib/gcc/arm-none-eabi/14.2.0/../../../../arm-none-eabi/lib/thumb/v7e-m+fp/hard/libg_nano.a(libc_a-init.o)
                              /usr/lib/gcc/arm-none-eabi/14.2.0/../../../../arm-none-eabi/lib/thumb/v7e-m+fp/hard/crt0.o (__libc_init_array)
/usr/lib/gcc/arm-none-eabi/14.2.0/../../../../arm-none-eabi/lib/thumb/v7e-m+fp/hard/libg_nano.a(libc_a-fini.o)
                              /usr/lib/gcc/arm-none-eabi/14.2.0/../../../../arm-none-eabi/lib/thumb/v7e-m+fp/hard/crt0.o (__libc_fini_array)
/usr/lib/gcc/arm-none-eabi/14.2.0/../../../../arm-none-eabi/lib/thumb/v7e-m+fp/hard/libg_nano.a(libc_a-lock.o)
[...]
Memory Configuration

Name             Origin             Length             Attributes
RAM              0x20000000         0x00008000         xrw
FLASH            0x08000000         0x00020000         xr
*default*        0x00000000         0xffffffff

Linker script and memory map

LOAD /usr/lib/gcc/arm-none-eabi/14.2.0/thumb/v7e-m+fp/hard/crti.o
LOAD /usr/lib/gcc/arm-none-eabi/14.2.0/thumb/v7e-m+fp/hard/crtbegin.o
LOAD /usr/lib/gcc/arm-none-eabi/14.2.0/../../../../arm-none-eabi/lib/thumb/v7e-m+fp/hard/crt0.o
LOAD CMakeFiles/ESC.dir/Core/Src/main.c.obj
LOAD CMakeFiles/ESC.dir/Core/Src/stm32g4xx_it.c.obj
LOAD CMakeFiles/ESC.dir/Core/Src/stm32g4xx_hal_msp.c.obj
LOAD CMakeFiles/ESC.dir/Core/Src/sysmem.c.obj
LOAD CMakeFiles/ESC.dir/Core/Src/syscalls.c.obj
LOAD CMakeFiles/ESC.dir/startup_stm32g431xx.s.obj
LOAD CMakeFiles/ESC.dir/Core/Src/pid.c.obj
LOAD cmake/stm32cubemx/CMakeFiles/STM32_Drivers.dir/__/__/Core/Src/system_stm32g4xx.c.obj
LOAD cmake/stm32cubemx/CMakeFiles/STM32_Drivers.dir/__/__/Drivers/STM32G4xx_HAL_Driver/Src/stm32g4xx_hal_adc.c.obj
LOAD cmake/stm32cubemx/CMakeFiles/STM32_Drivers.dir/__/__/Drivers/STM32G4xx_HAL_Driver/Src/stm32g4xx_hal_adc_ex.c.obj
LOAD cmake/stm32cubemx/CMakeFiles/STM32_Drivers.dir/__/__/Drivers/STM32G4xx_HAL_Driver/Src/stm32g4xx_ll_adc.c.obj
LOAD cmake/stm32cubemx/CMakeFiles/STM32_Drivers.dir/__/__/Drivers/STM32G4xx_HAL_Driver/Src/stm32g4xx_hal.c.obj
LOAD cmake/stm32cubemx/CMakeFiles/STM32_Drivers.dir/__/__/Drivers/STM32G4xx_HAL_Driver/Src/stm32g4xx_hal_rcc.c.obj
LOAD cmake/stm32cubemx/CMakeFiles/STM32_Drivers.dir/__/__/Drivers/STM32G4xx_HAL_Driver/Src/stm32g4xx_hal_rcc_ex.c.obj
LOAD cmake/stm32cubemx/CMakeFiles/STM32_Drivers.dir/__/__/Drivers/STM32G4xx_HAL_Driver/Src/stm32g4xx_hal_flash.c.obj
LOAD cmake/stm32cubemx/CMakeFiles/STM32_Drivers.dir/__/__/Drivers/STM32G4xx_HAL_Driver/Src/stm32g4xx_hal_flash_ex.c.obj
LOAD cmake/stm32cubemx/CMakeFiles/STM32_Drivers.dir/__/__/Drivers/STM32G4xx_HAL_Driver/Src/stm32g4xx_hal_flash_ramfunc.c.obj
LOAD cmake/stm32cubemx/CMakeFiles/STM32_Drivers.dir/__/__/Drivers/STM32G4xx_HAL_Driver/Src/stm32g4xx_hal_gpio.c.obj
LOAD cmake/stm32cubemx/CMakeFiles/STM32_Drivers.dir/__/__/Drivers/STM32G4xx_HAL_Driver/Src/stm32g4xx_hal_exti.c.obj
LOAD cmake/stm32cubemx/CMakeFiles/STM32_Drivers.dir/__/__/Drivers/STM32G4xx_HAL_Driver/Src/stm32g4xx_hal_dma.c.obj
LOAD cmake/stm32cubemx/CMakeFiles/STM32_Drivers.dir/__/__/Drivers/STM32G4xx_HAL_Driver/Src/stm32g4xx_hal_dma_ex.c.obj
LOAD cmake/stm32cubemx/CMakeFiles/STM32_Drivers.dir/__/__/Drivers/STM32G4xx_HAL_Driver/Src/stm32g4xx_hal_pwr.c.obj
LOAD cmake/stm32cubemx/CMakeFiles/STM32_Drivers.dir/__/__/Drivers/STM32G4xx_HAL_Driver/Src/stm32g4xx_hal_pwr_ex.c.obj
LOAD cmake/stm32cubemx/CMakeFiles/STM32_Drivers.dir/__/__/Drivers/STM32G4xx_HAL_Driver/Src/stm32g4xx_hal_cortex.c.obj
LOAD cmake/stm32cubemx/CMakeFiles/STM32_Drivers.dir/__/__/Drivers/STM32G4xx_HAL_Driver/Src/stm32g4xx_hal_spi.c.obj
LOAD cmake/stm32cubemx/CMakeFiles/STM32_Drivers.dir/__/__/Drivers/STM32G4xx_HAL_Driver/Src/stm32g4xx_hal_spi_ex.c.obj
LOAD cmake/stm32cubemx/CMakeFiles/STM32_Drivers.dir/__/__/Drivers/STM32G4xx_HAL_Driver/Src/stm32g4xx_hal_tim.c.obj
LOAD cmake/stm32cubemx/CMakeFiles/STM32_Drivers.dir/__/__/Drivers/STM32G4xx_HAL_Driver/Src/stm32g4xx_hal_tim_ex.c.obj
LOAD /usr/lib/gcc/arm-none-eabi/14.2.0/../../../../arm-none-eabi/lib/thumb/v7e-m+fp/hard/libm.a
START GROUP
LOAD /usr/lib/gcc/arm-none-eabi/14.2.0/thumb/v7e-m+fp/hard/libgcc.a
LOAD /usr/lib/gcc/arm-none-eabi/14.2.0/../../../../arm-none-eabi/lib/thumb/v7e-m+fp/hard/libg_nano.a
LOAD /usr/lib/gcc/arm-none-eabi/14.2.0/../../../../arm-none-eabi/lib/thumb/v7e-m+fp/hard/libc_nano.a
END GROUP
START GROUP
LOAD /usr/lib/gcc/arm-none-eabi/14.2.0/thumb/v7e-m+fp/hard/libgcc.a
LOAD /usr/lib/gcc/arm-none-eabi/14.2.0/../../../../arm-none-eabi/lib/thumb/v7e-m+fp/hard/libc_nano.a
END GROUP
LOAD /usr/lib/gcc/arm-none-eabi/14.2.0/thumb/v7e-m+fp/hard/crtend.o
LOAD /usr/lib/gcc/arm-none-eabi/14.2.0/thumb/v7e-m+fp/hard/crtn.o
                0x20008000                        _estack = (ORIGIN (RAM) + LENGTH (RAM))
                0x20007c00                        _sstack = (_estack - _Min_Stack_Size)
                0x00000200                        _Min_Heap_Size = 0x200
                0x00000400                        _Min_Stack_Size = 0x400

.isr_vector     0x08000000      0x1d8
                0x08000000                        . = ALIGN (0x4)
 *(.isr_vector)
 .isr_vector    0x08000000      0x1d8 CMakeFiles/ESC.dir/startup_stm32g431xx.s.obj
                0x08000000                g_pfnVectors
                0x080001d8                        . = ALIGN (0x4)

.text           0x080001d8     0x6c6c
                0x080001d8                        . = ALIGN (0x4)
 *(.text)
 .text          0x080001d8      0x378 /usr/lib/gcc/arm-none-eabi/14.2.0/thumb/v7e-m+fp/hard/libgcc.a(_arm_addsubdf3.o)
                0x080001d8                __aeabi_drsub
                0x080001e0                __aeabi_dsub
                0x080001e0                __subdf3
                0x080001e4                __adddf3
                0x080001e4                __aeabi_dadd
                0x0800045c                __aeabi_ui2d
                0x0800045c                __floatunsidf
                0x0800047c                __floatsidf
                0x0800047c                __aeabi_i2d
                0x080004a0                __extendsfdf2
                0x080004a0                __aeabi_f2d
                0x080004e4                __aeabi_ul2d
                0x080004e4                __floatundidf
                0x080004f4                __floatdidf
                0x080004f4                __aeabi_l2d
 .text          0x08000550      0x424 /usr/lib/gcc/arm-none-eabi/14.2.0/thumb/v7e-m+fp/hard/libgcc.a(_arm_muldivdf3.o)
                0x08000550                __aeabi_dmul
                0x08000550                __muldf3
                0x080007a4                __aeabi_ddiv
                0x080007a4                __divdf3
 .text          0x08000974      0x110 /usr/lib/gcc/arm-none-eabi/14.2.0/thumb/v7e-m+fp/hard/libgcc.a(_arm_cmpdf2.o)
                0x08000974                __gtdf2
                0x08000974                __gedf2
                0x0800097c                __ltdf2
                0x0800097c                __ledf2
                0x08000984                __cmpdf2
                0x08000984                __eqdf2
                0x08000984                __nedf2
                0x08000a00                __aeabi_cdrcmple
                0x08000a10                __aeabi_cdcmple
                0x08000a10                __aeabi_cdcmpeq
                0x08000a20                __aeabi_dcmpeq
                0x08000a34                __aeabi_dcmplt
                0x08000a48                __aeabi_dcmple
                0x08000a5c                __aeabi_dcmpge
                0x08000a70                __aeabi_dcmpgt
 .text          0x08000a84       0x40 /usr/lib/gcc/arm-none-eabi/14.2.0/thumb/v7e-m+fp/hard/libgcc.a(_arm_fixunsdfsi.o)
                0x08000a84                __fixunsdfsi
                0x08000a84                __aeabi_d2uiz
 *(.text*)
 .text.__do_global_dtors_aux
                0x08000ac4       0x24 /usr/lib/gcc/arm-none-eabi/14.2.0/thumb/v7e-m+fp/hard/crtbegin.o
 .text.frame_dummy
                0x08000ae8       0x1c /usr/lib/gcc/arm-none-eabi/14.2.0/thumb/v7e-m+fp/hard/crtbegin.o
 *fill*         0x08000b04        0x4 
 .text.main     0x08000b08      0x130 CMakeFiles/ESC.dir/Core/Src/main.c.obj
                0x08000b08                main
 .text.SystemClock_Config
                0x08000c38       0x98 CMakeFiles/ESC.dir/Core/Src/main.c.obj
                0x08000c38                SystemClock_Config
 .text.MX_ADC1_Init
                0x08000cd0      0x200 CMakeFiles/ESC.dir/Core/Src/main.c.obj
 .text.MX_SPI1_Init
                0x08000ed0       0x7c CMakeFiles/ESC.dir/Core/Src/main.c.obj
 .text.MX_TIM1_Init
                0x08000f4c      0x1a8 CMakeFiles/ESC.dir/Core/Src/main.c.obj
 .text.MX_TIM2_Init
                0x080010f4      0x13c CMakeFiles/ESC.dir/Core/Src/main.c.obj
 .text.MX_TIM15_Init
                0x08001230      0x160 CMakeFiles/ESC.dir/Core/Src/main.c.obj
 .text.MX_DMA_Init
                0x08001390       0x54 CMakeFiles/ESC.dir/Core/Src/main.c.obj
 .text.MX_GPIO_Init
                0x080013e4       0xe8 CMakeFiles/ESC.dir/Core/Src/main.c.obj
 *fill*         0x080014cc        0x4 
 .text.HAL_TIM_IC_CaptureCallback
                0x080014d0       0xb4 CMakeFiles/ESC.dir/Core/Src/main.c.obj
                0x080014d0                HAL_TIM_IC_CaptureCallback
 .text.sign     0x08001584       0x48 CMakeFiles/ESC.dir/Core/Src/main.c.obj
 .text.process_adc
                0x080015cc       0x1e CMakeFiles/ESC.dir/Core/Src/main.c.obj
 *fill*         0x080015ea        0x6 
 .text.check_valid_bemf
                0x080015f0       0x5c CMakeFiles/ESC.dir/Core/Src/main.c.obj
 .text.clamp    0x0800164c       0x58 CMakeFiles/ESC.dir/Core/Src/main.c.obj
 .text.map      0x080016a4       0x8c CMakeFiles/ESC.dir/Core/Src/main.c.obj
 .text.get_rotor_angle
                0x08001730       0xa0 CMakeFiles/ESC.dir/Core/Src/main.c.obj
 .text.get_rotor_bemf
                0x080017d0      0x144 CMakeFiles/ESC.dir/Core/Src/main.c.obj
 .text.drive_rotor
                0x08001914      0x114 CMakeFiles/ESC.dir/Core/Src/main.c.obj
 .text.get_zero_crossing
                0x08001a28      0x11c CMakeFiles/ESC.dir/Core/Src/main.c.obj
 *fill*         0x08001b44        0x4 
 .text.set_rotor
                0x08001b48       0x20 CMakeFiles/ESC.dir/Core/Src/main.c.obj
 .text.startup_sequence
                0x08001b68       0x3c CMakeFiles/ESC.dir/Core/Src/main.c.obj
 .text.Error_Handler
                0x08001ba4        0xc CMakeFiles/ESC.dir/Core/Src/main.c.obj
                0x08001ba4                Error_Handler
 .text.NMI_Handler
                0x08001bb0        0x8 CMakeFiles/ESC.dir/Core/Src/stm32g4xx_it.c.obj
                0x08001bb0                NMI_Handler
 .text.HardFault_Handler
                0x08001bb8        0x8 CMakeFiles/ESC.dir/Core/Src/stm32g4xx_it.c.obj
                0x08001bb8                HardFault_Handler
 .text.MemManage_Handler
                0x08001bc0        0x8 CMakeFiles/ESC.dir/Core/Src/stm32g4xx_it.c.obj
                0x08001bc0                MemManage_Handler
 .text.BusFault_Handler
                0x08001bc8        0x8 CMakeFiles/ESC.dir/Core/Src/stm32g4xx_it.c.obj
                0x08001bc8                BusFault_Handler
 .text.UsageFault_Handler
                0x08001bd0        0x8 CMakeFiles/ESC.dir/Core/Src/stm32g4xx_it.c.obj
                0x08001bd0                UsageFault_Handler
 .text.SVC_Handler
                0x08001bd8        0xe CMakeFiles/ESC.dir/Core/Src/stm32g4xx_it.c.obj
                0x08001bd8                SVC_Handler
 .text.DebugMon_Handler
                0x08001be6        0xe CMakeFiles/ESC.dir/Core/Src/stm32g4xx_it.c.obj
                0x08001be6                DebugMon_Handler
 .text.PendSV_Handler
                0x08001bf4        0xe CMakeFiles/ESC.dir/Core/Src/stm32g4xx_it.c.obj
                0x08001bf4                PendSV_Handler
 .text.SysTick_Handler
                0x08001c02        0xc CMakeFiles/ESC.dir/Core/Src/stm32g4xx_it.c.obj
                0x08001c02                SysTick_Handler
 *fill*         0x08001c0e        0x2 
 .text.DMA1_Channel1_IRQHandler
                0x08001c10       0x14 CMakeFiles/ESC.dir/Core/Src/stm32g4xx_it.c.obj
                0x08001c10                DMA1_Channel1_IRQHandler
 .text.TIM1_BRK_TIM15_IRQHandler
                0x08001c24       0x1c CMakeFiles/ESC.dir/Core/Src/stm32g4xx_it.c.obj
                0x08001c24                TIM1_BRK_TIM15_IRQHandler
 .text.HAL_MspInit
                0x08001c40       0x48 CMakeFiles/ESC.dir/Core/Src/stm32g4xx_hal_msp.c.obj
                0x08001c40                HAL_MspInit
 .text.HAL_ADC_MspInit
                0x08001c88      0x13c CMakeFiles/ESC.dir/Core/Src/stm32g4xx_hal_msp.c.obj
                0x08001c88                HAL_ADC_MspInit
 .text.HAL_SPI_MspInit
                0x08001dc4       0x84 CMakeFiles/ESC.dir/Core/Src/stm32g4xx_hal_msp.c.obj
                0x08001dc4                HAL_SPI_MspInit
 .text.HAL_TIM_Base_MspInit
                0x08001e48       0xf4 CMakeFiles/ESC.dir/Core/Src/stm32g4xx_hal_msp.c.obj
                0x08001e48                HAL_TIM_Base_MspInit
 .text.HAL_TIM_MspPostInit
                0x08001f3c       0xe0 CMakeFiles/ESC.dir/Core/Src/stm32g4xx_hal_msp.c.obj
                0x08001f3c                HAL_TIM_MspPostInit
 .text.Reset_Handler
                0x0800201c       0x50 CMakeFiles/ESC.dir/startup_stm32g431xx.s.obj
                0x0800201c                Reset_Handler
 .text.Default_Handler
                0x0800206c        0x2 CMakeFiles/ESC.dir/startup_stm32g431xx.s.obj
                0x0800206c                RTC_Alarm_IRQHandler
                0x0800206c                EXTI2_IRQHandler
                0x0800206c                TIM8_TRG_COM_IRQHandler
                0x0800206c                TIM8_CC_IRQHandler
                0x0800206c                TIM1_CC_IRQHandler
                0x0800206c                USB_HP_IRQHandler
                0x0800206c                CORDIC_IRQHandler
                0x0800206c                EXTI3_IRQHandler
                0x0800206c                I2C3_ER_IRQHandler
                0x0800206c                EXTI0_IRQHandler
                0x0800206c                I2C2_EV_IRQHandler
                0x0800206c                FPU_IRQHandler
                0x0800206c                FDCAN1_IT1_IRQHandler
                0x0800206c                TIM1_UP_TIM16_IRQHandler
                0x0800206c                ADC1_2_IRQHandler
                0x0800206c                SPI1_IRQHandler
                0x0800206c                TIM6_DAC_IRQHandler
                0x0800206c                TIM8_UP_IRQHandler
                0x0800206c                DMA2_Channel2_IRQHandler
                0x0800206c                DMA1_Channel4_IRQHandler
                0x0800206c                USART3_IRQHandler
                0x0800206c                TIM4_IRQHandler
                0x0800206c                DMA2_Channel1_IRQHandler
                0x0800206c                I2C1_EV_IRQHandler
                0x0800206c                DMA1_Channel6_IRQHandler
                0x0800206c                UART4_IRQHandler
                0x0800206c                DMA2_Channel4_IRQHandler
                0x0800206c                TIM3_IRQHandler
                0x0800206c                RCC_IRQHandler
                0x0800206c                Default_Handler
                0x0800206c                RTC_TAMP_LSECSS_IRQHandler
                0x0800206c                FMAC_IRQHandler
                0x0800206c                EXTI15_10_IRQHandler
                0x0800206c                TIM7_IRQHandler
                0x0800206c                UCPD1_IRQHandler
                0x0800206c                I2C3_EV_IRQHandler
                0x0800206c                EXTI9_5_IRQHandler
                0x0800206c                RTC_WKUP_IRQHandler
                0x0800206c                PVD_PVM_IRQHandler
                0x0800206c                SPI2_IRQHandler
                0x0800206c                DMA2_Channel5_IRQHandler
                0x0800206c                CRS_IRQHandler
                0x0800206c                DMA1_Channel5_IRQHandler
                0x0800206c                USB_LP_IRQHandler
                0x0800206c                EXTI4_IRQHandler
                0x0800206c                RNG_IRQHandler
                0x0800206c                TIM1_TRG_COM_TIM17_IRQHandler
                0x0800206c                DMA1_Channel3_IRQHandler
                0x0800206c                WWDG_IRQHandler
                0x0800206c                LPUART1_IRQHandler
                0x0800206c                DMA2_Channel6_IRQHandler
                0x0800206c                FDCAN1_IT0_IRQHandler
                0x0800206c                TIM2_IRQHandler
                0x0800206c                COMP1_2_3_IRQHandler
                0x0800206c                EXTI1_IRQHandler
                0x0800206c                USART2_IRQHandler
                0x0800206c                I2C2_ER_IRQHandler
                0x0800206c                DMA1_Channel2_IRQHandler
                0x0800206c                TIM8_BRK_IRQHandler
                0x0800206c                FLASH_IRQHandler
                0x0800206c                USART1_IRQHandler
                0x0800206c                SPI3_IRQHandler
                0x0800206c                I2C1_ER_IRQHandler
                0x0800206c                LPTIM1_IRQHandler
                0x0800206c                DMAMUX_OVR_IRQHandler
                0x0800206c                USBWakeUp_IRQHandler
                0x0800206c                SAI1_IRQHandler
                0x0800206c                DMA2_Channel3_IRQHandler
                0x0800206c                COMP4_IRQHandler
 .text.loop_pid
                0x0800206e      0x112 CMakeFiles/ESC.dir/Core/Src/pid.c.obj
                0x0800206e                loop_pid
 .text.reset_pid
                0x08002180       0x30 CMakeFiles/ESC.dir/Core/Src/pid.c.obj
                0x08002180                reset_pid
 .text.SystemInit
                0x080021b0       0x24 cmake/stm32cubemx/CMakeFiles/STM32_Drivers.dir/__/__/Core/Src/system_stm32g4xx.c.obj
                0x080021b0                SystemInit
 .text.LL_ADC_SetCommonClock
                0x080021d4       0x26 cmake/stm32cubemx/CMakeFiles/STM32_Drivers.dir/__/__/Drivers/STM32G4xx_HAL_Driver/Src/stm32g4xx_hal_adc.c.obj
 .text.LL_ADC_SetCommonPathInternalCh
                0x080021fa       0x26 cmake/stm32cubemx/CMakeFiles/STM32_Drivers.dir/__/__/Drivers/STM32G4xx_HAL_Driver/Src/stm32g4xx_hal_adc.c.obj
 .text.LL_ADC_GetCommonPathInternalCh
                0x08002220       0x1c cmake/stm32cubemx/CMakeFiles/STM32_Drivers.dir/__/__/Drivers/STM32G4xx_HAL_Driver/Src/stm32g4xx_hal_adc.c.obj
 .text.LL_ADC_SetOffset
                0x0800223c       0x48 cmake/stm32cubemx/CMakeFiles/STM32_Drivers.dir/__/__/Drivers/STM32G4xx_HAL_Driver/Src/stm32g4xx_hal_adc.c.obj
 .text.LL_ADC_GetOffsetChannel
                0x08002284       0x2c cmake/stm32cubemx/CMakeFiles/STM32_Drivers.dir/__/__/Drivers/STM32G4xx_HAL_Driver/Src/stm32g4xx_hal_adc.c.obj
 .text.LL_ADC_SetOffsetState
                0x080022b0       0x36 cmake/stm32cubemx/CMakeFiles/STM32_Drivers.dir/__/__/Drivers/STM32G4xx_HAL_Driver/Src/stm32g4xx_hal_adc.c.obj
 .text.LL_ADC_SetOffsetSign
                0x080022e6       0x36 cmake/stm32cubemx/CMakeFiles/STM32_Drivers.dir/__/__/Drivers/STM32G4xx_HAL_Driver/Src/stm32g4xx_hal_adc.c.obj
 .text.LL_ADC_SetOffsetSaturation
                0x0800231c       0x36 cmake/stm32cubemx/CMakeFiles/STM32_Drivers.dir/__/__/Drivers/STM32G4xx_HAL_Driver/Src/stm32g4xx_hal_adc.c.obj
 .text.LL_ADC_SetSamplingTimeCommonConfig
                0x08002352       0x26 cmake/stm32cubemx/CMakeFiles/STM32_Drivers.dir/__/__/Drivers/STM32G4xx_HAL_Driver/Src/stm32g4xx_hal_adc.c.obj
 .text.LL_ADC_REG_IsTriggerSourceSWStart
                0x08002378       0x26 cmake/stm32cubemx/CMakeFiles/STM32_Drivers.dir/__/__/Drivers/STM32G4xx_HAL_Driver/Src/stm32g4xx_hal_adc.c.obj
 .text.LL_ADC_REG_SetSequencerRanks
                0x0800239e       0x58 cmake/stm32cubemx/CMakeFiles/STM32_Drivers.dir/__/__/Drivers/STM32G4xx_HAL_Driver/Src/stm32g4xx_hal_adc.c.obj
 .text.LL_ADC_SetChannelSamplingTime
                0x080023f6       0x56 cmake/stm32cubemx/CMakeFiles/STM32_Drivers.dir/__/__/Drivers/STM32G4xx_HAL_Driver/Src/stm32g4xx_hal_adc.c.obj
 .text.LL_ADC_SetChannelSingleDiff
                0x0800244c       0x48 cmake/stm32cubemx/CMakeFiles/STM32_Drivers.dir/__/__/Drivers/STM32G4xx_HAL_Driver/Src/stm32g4xx_hal_adc.c.obj
 .text.LL_ADC_GetMultimode
                0x08002494       0x1c cmake/stm32cubemx/CMakeFiles/STM32_Drivers.dir/__/__/Drivers/STM32G4xx_HAL_Driver/Src/stm32g4xx_hal_adc.c.obj
 .text.LL_ADC_DisableDeepPowerDown
                0x080024b0       0x24 cmake/stm32cubemx/CMakeFiles/STM32_Drivers.dir/__/__/Drivers/STM32G4xx_HAL_Driver/Src/stm32g4xx_hal_adc.c.obj
 .text.LL_ADC_IsDeepPowerDownEnabled
                0x080024d4       0x28 cmake/stm32cubemx/CMakeFiles/STM32_Drivers.dir/__/__/Drivers/STM32G4xx_HAL_Driver/Src/stm32g4xx_hal_adc.c.obj
 .text.LL_ADC_EnableInternalRegulator
                0x080024fc       0x28 cmake/stm32cubemx/CMakeFiles/STM32_Drivers.dir/__/__/Drivers/STM32G4xx_HAL_Driver/Src/stm32g4xx_hal_adc.c.obj
 .text.LL_ADC_IsInternalRegulatorEnabled
                0x08002524       0x28 cmake/stm32cubemx/CMakeFiles/STM32_Drivers.dir/__/__/Drivers/STM32G4xx_HAL_Driver/Src/stm32g4xx_hal_adc.c.obj
 .text.LL_ADC_Enable
                0x0800254c       0x28 cmake/stm32cubemx/CMakeFiles/STM32_Drivers.dir/__/__/Drivers/STM32G4xx_HAL_Driver/Src/stm32g4xx_hal_adc.c.obj
 .text.LL_ADC_IsEnabled
                0x08002574       0x26 cmake/stm32cubemx/CMakeFiles/STM32_Drivers.dir/__/__/Drivers/STM32G4xx_HAL_Driver/Src/stm32g4xx_hal_adc.c.obj
 .text.LL_ADC_REG_StartConversion
                0x0800259a       0x28 cmake/stm32cubemx/CMakeFiles/STM32_Drivers.dir/__/__/Drivers/STM32G4xx_HAL_Driver/Src/stm32g4xx_hal_adc.c.obj
 .text.LL_ADC_REG_IsConversionOngoing
                0x080025c2       0x26 cmake/stm32cubemx/CMakeFiles/STM32_Drivers.dir/__/__/Drivers/STM32G4xx_HAL_Driver/Src/stm32g4xx_hal_adc.c.obj
 .text.LL_ADC_INJ_IsConversionOngoing
                0x080025e8       0x26 cmake/stm32cubemx/CMakeFiles/STM32_Drivers.dir/__/__/Drivers/STM32G4xx_HAL_Driver/Src/stm32g4xx_hal_adc.c.obj
 *fill*         0x0800260e        0x2 
 .text.HAL_ADC_Init
                0x08002610      0x308 cmake/stm32cubemx/CMakeFiles/STM32_Drivers.dir/__/__/Drivers/STM32G4xx_HAL_Driver/Src/stm32g4xx_hal_adc.c.obj
                0x08002610                HAL_ADC_Init
 .text.HAL_ADC_Start_DMA
                0x08002918      0x168 cmake/stm32cubemx/CMakeFiles/STM32_Drivers.dir/__/__/Drivers/STM32G4xx_HAL_Driver/Src/stm32g4xx_hal_adc.c.obj
                0x08002918                HAL_ADC_Start_DMA
 .text.HAL_ADC_ConvCpltCallback
                0x08002a80       0x14 cmake/stm32cubemx/CMakeFiles/STM32_Drivers.dir/__/__/Drivers/STM32G4xx_HAL_Driver/Src/stm32g4xx_hal_adc.c.obj
                0x08002a80                HAL_ADC_ConvCpltCallback
 .text.HAL_ADC_ConvHalfCpltCallback
                0x08002a94       0x14 cmake/stm32cubemx/CMakeFiles/STM32_Drivers.dir/__/__/Drivers/STM32G4xx_HAL_Driver/Src/stm32g4xx_hal_adc.c.obj
                0x08002a94                HAL_ADC_ConvHalfCpltCallback
 .text.HAL_ADC_ErrorCallback
                0x08002aa8       0x14 cmake/stm32cubemx/CMakeFiles/STM32_Drivers.dir/__/__/Drivers/STM32G4xx_HAL_Driver/Src/stm32g4xx_hal_adc.c.obj
                0x08002aa8                HAL_ADC_ErrorCallback
 .text.HAL_ADC_ConfigChannel
                0x08002abc      0x7e0 cmake/stm32cubemx/CMakeFiles/STM32_Drivers.dir/__/__/Drivers/STM32G4xx_HAL_Driver/Src/stm32g4xx_hal_adc.c.obj
                0x08002abc                HAL_ADC_ConfigChannel
 .text.ADC_Enable
                0x0800329c      0x10c cmake/stm32cubemx/CMakeFiles/STM32_Drivers.dir/__/__/Drivers/STM32G4xx_HAL_Driver/Src/stm32g4xx_hal_adc.c.obj
                0x0800329c                ADC_Enable
 .text.ADC_DMAConvCplt
                0x080033a8       0xd8 cmake/stm32cubemx/CMakeFiles/STM32_Drivers.dir/__/__/Drivers/STM32G4xx_HAL_Driver/Src/stm32g4xx_hal_adc.c.obj
                0x080033a8                ADC_DMAConvCplt
 .text.ADC_DMAHalfConvCplt
                0x08003480       0x1c cmake/stm32cubemx/CMakeFiles/STM32_Drivers.dir/__/__/Drivers/STM32G4xx_HAL_Driver/Src/stm32g4xx_hal_adc.c.obj
                0x08003480                ADC_DMAHalfConvCplt
 .text.ADC_DMAError
                0x0800349c       0x34 cmake/stm32cubemx/CMakeFiles/STM32_Drivers.dir/__/__/Drivers/STM32G4xx_HAL_Driver/Src/stm32g4xx_hal_adc.c.obj
                0x0800349c                ADC_DMAError
 .text.LL_ADC_IsEnabled
                0x080034d0       0x26 cmake/stm32cubemx/CMakeFiles/STM32_Drivers.dir/__/__/Drivers/STM32G4xx_HAL_Driver/Src/stm32g4xx_hal_adc_ex.c.obj
 .text.LL_ADC_REG_IsConversionOngoing
                0x080034f6       0x26 cmake/stm32cubemx/CMakeFiles/STM32_Drivers.dir/__/__/Drivers/STM32G4xx_HAL_Driver/Src/stm32g4xx_hal_adc_ex.c.obj
 .text.HAL_ADCEx_MultiModeConfigChannel
                0x0800351c      0x148 cmake/stm32cubemx/CMakeFiles/STM32_Drivers.dir/__/__/Drivers/STM32G4xx_HAL_Driver/Src/stm32g4xx_hal_adc_ex.c.obj
                0x0800351c                HAL_ADCEx_MultiModeConfigChannel
 .text.HAL_Init
                0x08003664       0x30 cmake/stm32cubemx/CMakeFiles/STM32_Drivers.dir/__/__/Drivers/STM32G4xx_HAL_Driver/Src/stm32g4xx_hal.c.obj
                0x08003664                HAL_Init
 .text.HAL_InitTick
                0x08003694       0x74 cmake/stm32cubemx/CMakeFiles/STM32_Drivers.dir/__/__/Drivers/STM32G4xx_HAL_Driver/Src/stm32g4xx_hal.c.obj
                0x08003694                HAL_InitTick
 .text.HAL_IncTick
                0x08003708       0x24 cmake/stm32cubemx/CMakeFiles/STM32_Drivers.dir/__/__/Drivers/STM32G4xx_HAL_Driver/Src/stm32g4xx_hal.c.obj
                0x08003708                HAL_IncTick
 .text.HAL_GetTick
                0x0800372c       0x18 cmake/stm32cubemx/CMakeFiles/STM32_Drivers.dir/__/__/Drivers/STM32G4xx_HAL_Driver/Src/stm32g4xx_hal.c.obj
                0x0800372c                HAL_GetTick
 .text.HAL_Delay
                0x08003744       0x44 cmake/stm32cubemx/CMakeFiles/STM32_Drivers.dir/__/__/Drivers/STM32G4xx_HAL_Driver/Src/stm32g4xx_hal.c.obj
                0x08003744                HAL_Delay
 .text.HAL_RCC_OscConfig
                0x08003788      0x624 cmake/stm32cubemx/CMakeFiles/STM32_Drivers.dir/__/__/Drivers/STM32G4xx_HAL_Driver/Src/stm32g4xx_hal_rcc.c.obj
                0x08003788                HAL_RCC_OscConfig
 .text.HAL_RCC_ClockConfig
                0x08003dac      0x278 cmake/stm32cubemx/CMakeFiles/STM32_Drivers.dir/__/__/Drivers/STM32G4xx_HAL_Driver/Src/stm32g4xx_hal_rcc.c.obj
                0x08003dac                HAL_RCC_ClockConfig
 .text.HAL_RCC_GetSysClockFreq
                0x08004024       0xc0 cmake/stm32cubemx/CMakeFiles/STM32_Drivers.dir/__/__/Drivers/STM32G4xx_HAL_Driver/Src/stm32g4xx_hal_rcc.c.obj
                0x08004024                HAL_RCC_GetSysClockFreq
 .text.RCC_GetSysClockFreqFromPLLSource
                0x080040e4       0x88 cmake/stm32cubemx/CMakeFiles/STM32_Drivers.dir/__/__/Drivers/STM32G4xx_HAL_Driver/Src/stm32g4xx_hal_rcc.c.obj
 .text.HAL_RCCEx_PeriphCLKConfig
                0x0800416c      0x3e0 cmake/stm32cubemx/CMakeFiles/STM32_Drivers.dir/__/__/Drivers/STM32G4xx_HAL_Driver/Src/stm32g4xx_hal_rcc_ex.c.obj
                0x0800416c                HAL_RCCEx_PeriphCLKConfig
 .text.HAL_GPIO_Init
                0x0800454c      0x318 cmake/stm32cubemx/CMakeFiles/STM32_Drivers.dir/__/__/Drivers/STM32G4xx_HAL_Driver/Src/stm32g4xx_hal_gpio.c.obj
                0x0800454c                HAL_GPIO_Init
 .text.HAL_GPIO_WritePin
                0x08004864       0x30 cmake/stm32cubemx/CMakeFiles/STM32_Drivers.dir/__/__/Drivers/STM32G4xx_HAL_Driver/Src/stm32g4xx_hal_gpio.c.obj
                0x08004864                HAL_GPIO_WritePin
 .text.HAL_DMA_Init
                0x08004894      0x150 cmake/stm32cubemx/CMakeFiles/STM32_Drivers.dir/__/__/Drivers/STM32G4xx_HAL_Driver/Src/stm32g4xx_hal_dma.c.obj
                0x08004894                HAL_DMA_Init
 .text.HAL_DMA_Start_IT
                0x080049e4       0xf6 cmake/stm32cubemx/CMakeFiles/STM32_Drivers.dir/__/__/Drivers/STM32G4xx_HAL_Driver/Src/stm32g4xx_hal_dma.c.obj
                0x080049e4                HAL_DMA_Start_IT
 .text.HAL_DMA_IRQHandler
                0x08004ada      0x15e cmake/stm32cubemx/CMakeFiles/STM32_Drivers.dir/__/__/Drivers/STM32G4xx_HAL_Driver/Src/stm32g4xx_hal_dma.c.obj
                0x08004ada                HAL_DMA_IRQHandler
 .text.DMA_SetConfig
                0x08004c38       0x7c cmake/stm32cubemx/CMakeFiles/STM32_Drivers.dir/__/__/Drivers/STM32G4xx_HAL_Driver/Src/stm32g4xx_hal_dma.c.obj
 .text.DMA_CalcDMAMUXChannelBaseAndMask
                0x08004cb4       0x90 cmake/stm32cubemx/CMakeFiles/STM32_Drivers.dir/__/__/Drivers/STM32G4xx_HAL_Driver/Src/stm32g4xx_hal_dma.c.obj
 .text.DMA_CalcDMAMUXRequestGenBaseAndMask
                0x08004d44       0x4c cmake/stm32cubemx/CMakeFiles/STM32_Drivers.dir/__/__/Drivers/STM32G4xx_HAL_Driver/Src/stm32g4xx_hal_dma.c.obj
 .text.HAL_PWREx_ControlVoltageScaling
                0x08004d90      0x148 cmake/stm32cubemx/CMakeFiles/STM32_Drivers.dir/__/__/Drivers/STM32G4xx_HAL_Driver/Src/stm32g4xx_hal_pwr_ex.c.obj
                0x08004d90                HAL_PWREx_ControlVoltageScaling
 .text.HAL_PWREx_DisableUCPDDeadBattery
                0x08004ed8       0x20 cmake/stm32cubemx/CMakeFiles/STM32_Drivers.dir/__/__/Drivers/STM32G4xx_HAL_Driver/Src/stm32g4xx_hal_pwr_ex.c.obj
                0x08004ed8                HAL_PWREx_DisableUCPDDeadBattery
 .text.__NVIC_SetPriorityGrouping
                0x08004ef8       0x48 cmake/stm32cubemx/CMakeFiles/STM32_Drivers.dir/__/__/Drivers/STM32G4xx_HAL_Driver/Src/stm32g4xx_hal_cortex.c.obj
 .text.__NVIC_GetPriorityGrouping
                0x08004f40       0x1c cmake/stm32cubemx/CMakeFiles/STM32_Drivers.dir/__/__/Drivers/STM32G4xx_HAL_Driver/Src/stm32g4xx_hal_cortex.c.obj
 .text.__NVIC_EnableIRQ
                0x08004f5c       0x3c cmake/stm32cubemx/CMakeFiles/STM32_Drivers.dir/__/__/Drivers/STM32G4xx_HAL_Driver/Src/stm32g4xx_hal_cortex.c.obj
 .text.__NVIC_SetPriority
                0x08004f98       0x54 cmake/stm32cubemx/CMakeFiles/STM32_Drivers.dir/__/__/Drivers/STM32G4xx_HAL_Driver/Src/stm32g4xx_hal_cortex.c.obj
 .text.NVIC_EncodePriority
                0x08004fec       0x66 cmake/stm32cubemx/CMakeFiles/STM32_Drivers.dir/__/__/Drivers/STM32G4xx_HAL_Driver/Src/stm32g4xx_hal_cortex.c.obj
 *fill*         0x08005052        0x2 
 .text.SysTick_Config
                0x08005054       0x44 cmake/stm32cubemx/CMakeFiles/STM32_Drivers.dir/__/__/Drivers/STM32G4xx_HAL_Driver/Src/stm32g4xx_hal_cortex.c.obj
 .text.HAL_NVIC_SetPriorityGrouping
                0x08005098       0x16 cmake/stm32cubemx/CMakeFiles/STM32_Drivers.dir/__/__/Drivers/STM32G4xx_HAL_Driver/Src/stm32g4xx_hal_cortex.c.obj
                0x08005098                HAL_NVIC_SetPriorityGrouping
 .text.HAL_NVIC_SetPriority
                0x080050ae       0x34 cmake/stm32cubemx/CMakeFiles/STM32_Drivers.dir/__/__/Drivers/STM32G4xx_HAL_Driver/Src/stm32g4xx_hal_cortex.c.obj
                0x080050ae                HAL_NVIC_SetPriority
 .text.HAL_NVIC_EnableIRQ
                0x080050e2       0x1c cmake/stm32cubemx/CMakeFiles/STM32_Drivers.dir/__/__/Drivers/STM32G4xx_HAL_Driver/Src/stm32g4xx_hal_cortex.c.obj
                0x080050e2                HAL_NVIC_EnableIRQ
 .text.HAL_SYSTICK_Config
                0x080050fe       0x18 cmake/stm32cubemx/CMakeFiles/STM32_Drivers.dir/__/__/Drivers/STM32G4xx_HAL_Driver/Src/stm32g4xx_hal_cortex.c.obj
                0x080050fe                HAL_SYSTICK_Config
 .text.HAL_SPI_Init
                0x08005116      0x156 cmake/stm32cubemx/CMakeFiles/STM32_Drivers.dir/__/__/Drivers/STM32G4xx_HAL_Driver/Src/stm32g4xx_hal_spi.c.obj
                0x08005116                HAL_SPI_Init
 .text.HAL_TIM_Base_Init
                0x0800526c       0xae cmake/stm32cubemx/CMakeFiles/STM32_Drivers.dir/__/__/Drivers/STM32G4xx_HAL_Driver/Src/stm32g4xx_hal_tim.c.obj
                0x0800526c                HAL_TIM_Base_Init
 .text.HAL_TIM_PWM_Init
                0x0800531a       0xae cmake/stm32cubemx/CMakeFiles/STM32_Drivers.dir/__/__/Drivers/STM32G4xx_HAL_Driver/Src/stm32g4xx_hal_tim.c.obj
                0x0800531a                HAL_TIM_PWM_Init
 .text.HAL_TIM_PWM_MspInit
                0x080053c8       0x14 cmake/stm32cubemx/CMakeFiles/STM32_Drivers.dir/__/__/Drivers/STM32G4xx_HAL_Driver/Src/stm32g4xx_hal_tim.c.obj
                0x080053c8                HAL_TIM_PWM_MspInit
 .text.HAL_TIM_IC_Init
                0x080053dc       0xae cmake/stm32cubemx/CMakeFiles/STM32_Drivers.dir/__/__/Drivers/STM32G4xx_HAL_Driver/Src/stm32g4xx_hal_tim.c.obj
                0x080053dc                HAL_TIM_IC_Init
 .text.HAL_TIM_IC_MspInit
                0x0800548a       0x14 cmake/stm32cubemx/CMakeFiles/STM32_Drivers.dir/__/__/Drivers/STM32G4xx_HAL_Driver/Src/stm32g4xx_hal_tim.c.obj
                0x0800548a                HAL_TIM_IC_MspInit
 .text.HAL_TIM_IRQHandler
                0x0800549e      0x29e cmake/stm32cubemx/CMakeFiles/STM32_Drivers.dir/__/__/Drivers/STM32G4xx_HAL_Driver/Src/stm32g4xx_hal_tim.c.obj
                0x0800549e                HAL_TIM_IRQHandler
 .text.HAL_TIM_IC_ConfigChannel
                0x0800573c      0x138 cmake/stm32cubemx/CMakeFiles/STM32_Drivers.dir/__/__/Drivers/STM32G4xx_HAL_Driver/Src/stm32g4xx_hal_tim.c.obj
                0x0800573c                HAL_TIM_IC_ConfigChannel
 .text.HAL_TIM_PWM_ConfigChannel
                0x08005874      0x228 cmake/stm32cubemx/CMakeFiles/STM32_Drivers.dir/__/__/Drivers/STM32G4xx_HAL_Driver/Src/stm32g4xx_hal_tim.c.obj
                0x08005874                HAL_TIM_PWM_ConfigChannel
 .text.HAL_TIM_ConfigClockSource
                0x08005a9c      0x1f4 cmake/stm32cubemx/CMakeFiles/STM32_Drivers.dir/__/__/Drivers/STM32G4xx_HAL_Driver/Src/stm32g4xx_hal_tim.c.obj
                0x08005a9c                HAL_TIM_ConfigClockSource
 .text.HAL_TIM_SlaveConfigSynchro
                0x08005c90       0x84 cmake/stm32cubemx/CMakeFiles/STM32_Drivers.dir/__/__/Drivers/STM32G4xx_HAL_Driver/Src/stm32g4xx_hal_tim.c.obj
                0x08005c90                HAL_TIM_SlaveConfigSynchro
 .text.HAL_TIM_ReadCapturedValue
                0x08005d14       0x88 cmake/stm32cubemx/CMakeFiles/STM32_Drivers.dir/__/__/Drivers/STM32G4xx_HAL_Driver/Src/stm32g4xx_hal_tim.c.obj
                0x08005d14                HAL_TIM_ReadCapturedValue
 .text.HAL_TIM_PeriodElapsedCallback
                0x08005d9c       0x14 cmake/stm32cubemx/CMakeFiles/STM32_Drivers.dir/__/__/Drivers/STM32G4xx_HAL_Driver/Src/stm32g4xx_hal_tim.c.obj
                0x08005d9c                HAL_TIM_PeriodElapsedCallback
 .text.HAL_TIM_OC_DelayElapsedCallback
                0x08005db0       0x14 cmake/stm32cubemx/CMakeFiles/STM32_Drivers.dir/__/__/Drivers/STM32G4xx_HAL_Driver/Src/stm32g4xx_hal_tim.c.obj
                0x08005db0                HAL_TIM_OC_DelayElapsedCallback
 .text.HAL_TIM_PWM_PulseFinishedCallback
                0x08005dc4       0x14 cmake/stm32cubemx/CMakeFiles/STM32_Drivers.dir/__/__/Drivers/STM32G4xx_HAL_Driver/Src/stm32g4xx_hal_tim.c.obj
                0x08005dc4                HAL_TIM_PWM_PulseFinishedCallback
 .text.HAL_TIM_TriggerCallback
                0x08005dd8       0x14 cmake/stm32cubemx/CMakeFiles/STM32_Drivers.dir/__/__/Drivers/STM32G4xx_HAL_Driver/Src/stm32g4xx_hal_tim.c.obj
                0x08005dd8                HAL_TIM_TriggerCallback
 .text.TIM_Base_SetConfig
                0x08005dec      0x12c cmake/stm32cubemx/CMakeFiles/STM32_Drivers.dir/__/__/Drivers/STM32G4xx_HAL_Driver/Src/stm32g4xx_hal_tim.c.obj
                0x08005dec                TIM_Base_SetConfig
 .text.TIM_OC1_SetConfig
                0x08005f18      0x124 cmake/stm32cubemx/CMakeFiles/STM32_Drivers.dir/__/__/Drivers/STM32G4xx_HAL_Driver/Src/stm32g4xx_hal_tim.c.obj
 .text.TIM_OC2_SetConfig
                0x0800603c      0x118 cmake/stm32cubemx/CMakeFiles/STM32_Drivers.dir/__/__/Drivers/STM32G4xx_HAL_Driver/Src/stm32g4xx_hal_tim.c.obj
                0x0800603c                TIM_OC2_SetConfig
 .text.TIM_OC3_SetConfig
                0x08006154      0x114 cmake/stm32cubemx/CMakeFiles/STM32_Drivers.dir/__/__/Drivers/STM32G4xx_HAL_Driver/Src/stm32g4xx_hal_tim.c.obj
 .text.TIM_OC4_SetConfig
                0x08006268      0x118 cmake/stm32cubemx/CMakeFiles/STM32_Drivers.dir/__/__/Drivers/STM32G4xx_HAL_Driver/Src/stm32g4xx_hal_tim.c.obj
 .text.TIM_OC5_SetConfig
                0x08006380       0xc8 cmake/stm32cubemx/CMakeFiles/STM32_Drivers.dir/__/__/Drivers/STM32G4xx_HAL_Driver/Src/stm32g4xx_hal_tim.c.obj
 .text.TIM_OC6_SetConfig
                0x08006448       0xcc cmake/stm32cubemx/CMakeFiles/STM32_Drivers.dir/__/__/Drivers/STM32G4xx_HAL_Driver/Src/stm32g4xx_hal_tim.c.obj
 .text.TIM_SlaveTimer_SetConfig
                0x08006514      0x188 cmake/stm32cubemx/CMakeFiles/STM32_Drivers.dir/__/__/Drivers/STM32G4xx_HAL_Driver/Src/stm32g4xx_hal_tim.c.obj
 .text.TIM_TI1_SetConfig
                0x0800669c      0x10c cmake/stm32cubemx/CMakeFiles/STM32_Drivers.dir/__/__/Drivers/STM32G4xx_HAL_Driver/Src/stm32g4xx_hal_tim.c.obj
                0x0800669c                TIM_TI1_SetConfig
 .text.TIM_TI1_ConfigInputStage
                0x080067a8       0xa8 cmake/stm32cubemx/CMakeFiles/STM32_Drivers.dir/__/__/Drivers/STM32G4xx_HAL_Driver/Src/stm32g4xx_hal_tim.c.obj
 .text.TIM_TI2_SetConfig
                0x08006850       0xa0 cmake/stm32cubemx/CMakeFiles/STM32_Drivers.dir/__/__/Drivers/STM32G4xx_HAL_Driver/Src/stm32g4xx_hal_tim.c.obj
 .text.TIM_TI2_ConfigInputStage
                0x080068f0       0x84 cmake/stm32cubemx/CMakeFiles/STM32_Drivers.dir/__/__/Drivers/STM32G4xx_HAL_Driver/Src/stm32g4xx_hal_tim.c.obj
 .text.TIM_TI3_SetConfig
                0x08006974       0x9c cmake/stm32cubemx/CMakeFiles/STM32_Drivers.dir/__/__/Drivers/STM32G4xx_HAL_Driver/Src/stm32g4xx_hal_tim.c.obj
 .text.TIM_TI4_SetConfig
                0x08006a10       0xa0 cmake/stm32cubemx/CMakeFiles/STM32_Drivers.dir/__/__/Drivers/STM32G4xx_HAL_Driver/Src/stm32g4xx_hal_tim.c.obj
 .text.TIM_ITRx_SetConfig
                0x08006ab0       0x3a cmake/stm32cubemx/CMakeFiles/STM32_Drivers.dir/__/__/Drivers/STM32G4xx_HAL_Driver/Src/stm32g4xx_hal_tim.c.obj
 .text.TIM_ETR_SetConfig
                0x08006aea       0x40 cmake/stm32cubemx/CMakeFiles/STM32_Drivers.dir/__/__/Drivers/STM32G4xx_HAL_Driver/Src/stm32g4xx_hal_tim.c.obj
                0x08006aea                TIM_ETR_SetConfig
 *fill*         0x08006b2a        0x2 
 .text.HAL_TIMEx_MasterConfigSynchronization
                0x08006b2c      0x104 cmake/stm32cubemx/CMakeFiles/STM32_Drivers.dir/__/__/Drivers/STM32G4xx_HAL_Driver/Src/stm32g4xx_hal_tim_ex.c.obj
                0x08006b2c                HAL_TIMEx_MasterConfigSynchronization
 .text.HAL_TIMEx_ConfigBreakDeadTime
                0x08006c30      0x118 cmake/stm32cubemx/CMakeFiles/STM32_Drivers.dir/__/__/Drivers/STM32G4xx_HAL_Driver/Src/stm32g4xx_hal_tim_ex.c.obj
                0x08006c30                HAL_TIMEx_ConfigBreakDeadTime
 .text.HAL_TIMEx_CommutCallback
                0x08006d48       0x14 cmake/stm32cubemx/CMakeFiles/STM32_Drivers.dir/__/__/Drivers/STM32G4xx_HAL_Driver/Src/stm32g4xx_hal_tim_ex.c.obj
                0x08006d48                HAL_TIMEx_CommutCallback
 .text.HAL_TIMEx_BreakCallback
                0x08006d5c       0x14 cmake/stm32cubemx/CMakeFiles/STM32_Drivers.dir/__/__/Drivers/STM32G4xx_HAL_Driver/Src/stm32g4xx_hal_tim_ex.c.obj
                0x08006d5c                HAL_TIMEx_BreakCallback
 .text.HAL_TIMEx_Break2Callback
                0x08006d70       0x14 cmake/stm32cubemx/CMakeFiles/STM32_Drivers.dir/__/__/Drivers/STM32G4xx_HAL_Driver/Src/stm32g4xx_hal_tim_ex.c.obj
                0x08006d70                HAL_TIMEx_Break2Callback
 .text.HAL_TIMEx_EncoderIndexCallback
                0x08006d84       0x14 cmake/stm32cubemx/CMakeFiles/STM32_Drivers.dir/__/__/Drivers/STM32G4xx_HAL_Driver/Src/stm32g4xx_hal_tim_ex.c.obj
                0x08006d84                HAL_TIMEx_EncoderIndexCallback
 .text.HAL_TIMEx_DirectionChangeCallback
                0x08006d98       0x14 cmake/stm32cubemx/CMakeFiles/STM32_Drivers.dir/__/__/Drivers/STM32G4xx_HAL_Driver/Src/stm32g4xx_hal_tim_ex.c.obj
                0x08006d98                HAL_TIMEx_DirectionChangeCallback
 .text.HAL_TIMEx_IndexErrorCallback
                0x08006dac       0x14 cmake/stm32cubemx/CMakeFiles/STM32_Drivers.dir/__/__/Drivers/STM32G4xx_HAL_Driver/Src/stm32g4xx_hal_tim_ex.c.obj
                0x08006dac                HAL_TIMEx_IndexErrorCallback
 .text.HAL_TIMEx_TransitionErrorCallback
                0x08006dc0       0x14 cmake/stm32cubemx/CMakeFiles/STM32_Drivers.dir/__/__/Drivers/STM32G4xx_HAL_Driver/Src/stm32g4xx_hal_tim_ex.c.obj
                0x08006dc0                HAL_TIMEx_TransitionErrorCallback
 .text.memset   0x08006dd4       0x10 /usr/lib/gcc/arm-none-eabi/14.2.0/../../../../arm-none-eabi/lib/thumb/v7e-m+fp/hard/libg_nano.a(libc_a-memset.o)
                0x08006dd4                memset
 .text.__libc_init_array
                0x08006de4       0x48 /usr/lib/gcc/arm-none-eabi/14.2.0/../../../../arm-none-eabi/lib/thumb/v7e-m+fp/hard/libg_nano.a(libc_a-init.o)
                0x08006de4                __libc_init_array
 *(.glue_7)
 .glue_7        0x08006e2c        0x0 linker stubs
 *(.glue_7t)
 .glue_7t       0x08006e2c        0x0 linker stubs
 *(.eh_frame)
 .eh_frame      0x08006e2c        0x0 /usr/lib/gcc/arm-none-eabi/14.2.0/thumb/v7e-m+fp/hard/crtbegin.o
 *(.init)
 .init          0x08006e2c        0x4 /usr/lib/gcc/arm-none-eabi/14.2.0/thumb/v7e-m+fp/hard/crti.o
                0x08006e2c                _init
 .init          0x08006e30        0x8 /usr/lib/gcc/arm-none-eabi/14.2.0/thumb/v7e-m+fp/hard/crtn.o
 *(.fini)
 .fini          0x08006e38        0x4 /usr/lib/gcc/arm-none-eabi/14.2.0/thumb/v7e-m+fp/hard/crti.o
                0x08006e38                _fini
 .fini          0x08006e3c        0x8 /usr/lib/gcc/arm-none-eabi/14.2.0/thumb/v7e-m+fp/hard/crtn.o
                0x08006e44                        . = ALIGN (0x4)
                0x08006e44                        _etext = .

.vfp11_veneer   0x08006e44        0x0
 .vfp11_veneer  0x08006e44        0x0 linker stubs

.v4_bx          0x08006e44        0x0
 .v4_bx         0x08006e44        0x0 linker stubs

.iplt           0x08006e44        0x0
 .iplt          0x08006e44        0x0 /usr/lib/gcc/arm-none-eabi/14.2.0/thumb/v7e-m+fp/hard/crtbegin.o

.rodata         0x08006e44       0x10
                0x08006e44                        . = ALIGN (0x4)
 *(.rodata)
 *(.rodata*)
 .rodata.AHBPrescTable
                0x08006e44       0x10 cmake/stm32cubemx/CMakeFiles/STM32_Drivers.dir/__/__/Core/Src/system_stm32g4xx.c.obj
                0x08006e44                AHBPrescTable
                0x08006e54                        . = ALIGN (0x4)

.ARM.extab      0x08006e54        0x0
                0x08006e54                        . = ALIGN (0x4)
 *(.ARM.extab* .gnu.linkonce.armextab.*)
                0x08006e54                        . = ALIGN (0x4)

.ARM            0x08006e54        0x0
                0x08006e54                        . = ALIGN (0x4)
                0x08006e54                        __exidx_start = .
 *(.ARM.exidx*)
                0x08006e54                        __exidx_end = .
                0x08006e54                        . = ALIGN (0x4)

.preinit_array  0x08006e54        0x0
                0x08006e54                        . = ALIGN (0x4)
                0x08006e54                        PROVIDE (__preinit_array_start = .)
 *(.preinit_array*)
                0x08006e54                        PROVIDE (__preinit_array_end = .)
                0x08006e54                        . = ALIGN (0x4)

.init_array     0x08006e54        0x4
                0x08006e54                        . = ALIGN (0x4)
                0x08006e54                        PROVIDE (__init_array_start = .)
 *(SORT_BY_NAME(.init_array.*))
 *(.init_array*)
 .init_array    0x08006e54        0x4 /usr/lib/gcc/arm-none-eabi/14.2.0/thumb/v7e-m+fp/hard/crtbegin.o
                0x08006e58                        PROVIDE (__init_array_end = .)
                0x08006e58                        . = ALIGN (0x4)

.fini_array     0x08006e58        0x4
                0x08006e58                        . = ALIGN (0x4)
                0x08006e58                        PROVIDE (__fini_array_start = .)
 *(SORT_BY_NAME(.fini_array.*))
 *(.fini_array*)
 .fini_array    0x08006e58        0x4 /usr/lib/gcc/arm-none-eabi/14.2.0/thumb/v7e-m+fp/hard/crtbegin.o
                0x08006e5c                        PROVIDE (__fini_array_end = .)
                0x08006e5c                        . = ALIGN (0x4)
                0x08006e5c                        _sidata = LOADADDR (.data)

.rel.dyn        0x08006e5c        0x0
 .rel.iplt      0x08006e5c        0x0 /usr/lib/gcc/arm-none-eabi/14.2.0/thumb/v7e-m+fp/hard/crtbegin.o

.data           0x20000000       0x44 load address 0x08006e5c
                0x20000000                        . = ALIGN (0x4)
                0x20000000                        _sdata = .
 *(.data)
 *(.data*)
 .data.sequence
                0x20000000       0x12 CMakeFiles/ESC.dir/Core/Src/main.c.obj
                0x20000000                sequence
 *fill*         0x20000012        0x2 
 .data.sequence_tim
                0x20000014       0x18 CMakeFiles/ESC.dir/Core/Src/main.c.obj
                0x20000014                sequence_tim
 .data.phase_angles
                0x2000002c        0xc CMakeFiles/ESC.dir/Core/Src/main.c.obj
                0x2000002c                phase_angles
 .data.SystemCoreClock
                0x20000038        0x4 cmake/stm32cubemx/CMakeFiles/STM32_Drivers.dir/__/__/Core/Src/system_stm32g4xx.c.obj
                0x20000038                SystemCoreClock
 .data.uwTickPrio
                0x2000003c        0x4 cmake/stm32cubemx/CMakeFiles/STM32_Drivers.dir/__/__/Drivers/STM32G4xx_HAL_Driver/Src/stm32g4xx_hal.c.obj
                0x2000003c                uwTickPrio
 .data.uwTickFreq
                0x20000040        0x4 cmake/stm32cubemx/CMakeFiles/STM32_Drivers.dir/__/__/Drivers/STM32G4xx_HAL_Driver/Src/stm32g4xx_hal.c.obj
                0x20000040                uwTickFreq
 *(.RamFunc)
 *(.RamFunc*)
                0x20000044                        . = ALIGN (0x4)

.igot.plt       0x20000044        0x0 load address 0x08006ea0
 .igot.plt      0x20000044        0x0 /usr/lib/gcc/arm-none-eabi/14.2.0/thumb/v7e-m+fp/hard/crtbegin.o

.tdata          0x20000044        0x0 load address 0x08006ea0
 *(.tdata .tdata.* .gnu.linkonce.td.*)
                0x20000044                        . = ALIGN (0x4)
                0x20000044                        _edata = .
                [!provide]                        PROVIDE (__data_end = .)
                [!provide]                        PROVIDE (__tdata_end = .)
                [!provide]                        PROVIDE (__tdata_start = ADDR (.tdata))
                [!provide]                        PROVIDE (__tdata_size = (__tdata_end - __tdata_start))
                [!provide]                        PROVIDE (__data_start = ADDR (.data))
                [!provide]                        PROVIDE (__data_size = (__data_end - __data_start))
                [!provide]                        PROVIDE (__tdata_source = LOADADDR (.tdata))
                [!provide]                        PROVIDE (__tdata_source_end = (LOADADDR (.tdata) + SIZEOF (.tdata)))
                [!provide]                        PROVIDE (__tdata_source_size = (__tdata_source_end - __tdata_source))
                [!provide]                        PROVIDE (__data_source = LOADADDR (.data))
                [!provide]                        PROVIDE (__data_source_end = __tdata_source_end)
                [!provide]                        PROVIDE (__data_source_size = (__data_source_end - __data_source))

.tbss           0x20000044        0x0 load address 0x08006ea0
                0x20000044                        _sbss = .
                0x20000044                        __bss_start__ = _sbss
 *(.tbss .tbss.*)
                0x20000044                        . = ALIGN (0x4)
                [!provide]                        PROVIDE (__tbss_end = .)
                [!provide]                        PROVIDE (__tbss_start = ADDR (.tbss))
                [!provide]                        PROVIDE (__tbss_size = (__tbss_end - __tbss_start))
                [!provide]                        PROVIDE (__tbss_offset = (ADDR (.tbss) - ADDR (.tdata)))
                [!provide]                        PROVIDE (__tls_base = __tdata_start)
                [!provide]                        PROVIDE (__tls_end = __tbss_end)
                [!provide]                        PROVIDE (__tls_size = (__tls_end - __tls_base))
                [!provide]                        PROVIDE (__tls_align = MAX (ALIGNOF (.tdata), ALIGNOF (.tbss)))
                [!provide]                        PROVIDE (__tls_size_align = (((__tls_size + __tls_align) - 0x1) & ~ ((__tls_align - 0x1))))
                [!provide]                        PROVIDE (__arm32_tls_tcb_offset = MAX (0x8, __tls_align))
                [!provide]                        PROVIDE (__arm64_tls_tcb_offset = MAX (0x10, __tls_align))

.bss            0x20000048      0x304 load address 0x08006ea0
 *(.bss)
 *(.bss*)
 .bss.completed.1
                0x20000048        0x1 /usr/lib/gcc/arm-none-eabi/14.2.0/thumb/v7e-m+fp/hard/crtbegin.o
 *fill*         0x20000049        0x3 
 .bss.object.0  0x2000004c       0x18 /usr/lib/gcc/arm-none-eabi/14.2.0/thumb/v7e-m+fp/hard/crtbegin.o
 .bss.hadc1     0x20000064       0x6c CMakeFiles/ESC.dir/Core/Src/main.c.obj
                0x20000064                hadc1
 .bss.hdma_adc1
                0x200000d0       0x60 CMakeFiles/ESC.dir/Core/Src/main.c.obj
                0x200000d0                hdma_adc1
 .bss.hspi1     0x20000130       0x64 CMakeFiles/ESC.dir/Core/Src/main.c.obj
                0x20000130                hspi1
 .bss.htim1     0x20000194       0x4c CMakeFiles/ESC.dir/Core/Src/main.c.obj
                0x20000194                htim1
 .bss.htim2     0x200001e0       0x4c CMakeFiles/ESC.dir/Core/Src/main.c.obj
                0x200001e0                htim2
 .bss.htim15    0x2000022c       0x4c CMakeFiles/ESC.dir/Core/Src/main.c.obj
                0x2000022c                htim15
 .bss.speed_pid
                0x20000278       0x58 CMakeFiles/ESC.dir/Core/Src/main.c.obj
                0x20000278                speed_pid
 .bss.rotor_angle
                0x200002d0        0x8 CMakeFiles/ESC.dir/Core/Src/main.c.obj
                0x200002d0                rotor_angle
 .bss.zero_cross_time
                0x200002d8        0x8 CMakeFiles/ESC.dir/Core/Src/main.c.obj
                0x200002d8                zero_cross_time
 .bss.rotor_speed
                0x200002e0        0x8 CMakeFiles/ESC.dir/Core/Src/main.c.obj
                0x200002e0                rotor_speed
 .bss.input_speed
                0x200002e8        0x8 CMakeFiles/ESC.dir/Core/Src/main.c.obj
                0x200002e8                input_speed
 .bss.rotor_bemf
                0x200002f0       0x18 CMakeFiles/ESC.dir/Core/Src/main.c.obj
                0x200002f0                rotor_bemf
 .bss.prev_rotor_bemf
                0x20000308       0x18 CMakeFiles/ESC.dir/Core/Src/main.c.obj
                0x20000308                prev_rotor_bemf
 .bss.dir       0x20000320        0x1 CMakeFiles/ESC.dir/Core/Src/main.c.obj
                0x20000320                dir
 .bss.step      0x20000321        0x1 CMakeFiles/ESC.dir/Core/Src/main.c.obj
                0x20000321                step
 .bss.floating  0x20000322        0x1 CMakeFiles/ESC.dir/Core/Src/main.c.obj
                0x20000322                floating
 *fill*         0x20000323        0x1 
 .bss.adc_buf   0x20000324       0x24 CMakeFiles/ESC.dir/Core/Src/main.c.obj
                0x20000324                adc_buf
 .bss.uwTick    0x20000348        0x4 cmake/stm32cubemx/CMakeFiles/STM32_Drivers.dir/__/__/Drivers/STM32G4xx_HAL_Driver/Src/stm32g4xx_hal.c.obj
                0x20000348                uwTick
 *(COMMON)
                0x2000034c                        . = ALIGN (0x4)
                0x2000034c                        _ebss = .
                0x2000034c                        __bss_end__ = _ebss
                [!provide]                        PROVIDE (__bss_end = .)
                [!provide]                        PROVIDE (__non_tls_bss_start = ADDR (.bss))
                [!provide]                        PROVIDE (__bss_start = __tbss_start)
                [!provide]                        PROVIDE (__bss_size = (__bss_end - __bss_start))

._user_heap_stack
                0x2000034c      0x604 load address 0x08006ea0
                0x20000350                        . = ALIGN (0x8)
 *fill*         0x2000034c        0x4 
                [!provide]                        PROVIDE (end = .)
                0x20000350                        PROVIDE (_end = .)
                0x20000550                        . = (. + _Min_Heap_Size)
 *fill*         0x20000350      0x200 
                0x20000950                        . = (. + _Min_Stack_Size)
 *fill*         0x20000550      0x400 
                0x20000950                        . = ALIGN (0x8)

/DISCARD/
 libc.a:*(*)
 libm.a:*(*)
 libgcc.a:*(*)
OUTPUT(ESC.elf elf32-littlearm)
LOAD linker stubs

.ARM.attributes
                0x00000000       0x30
 .ARM.attributes
                0x00000000       0x22 /usr/lib/gcc/arm-none-eabi/14.2.0/thumb/v7e-m+fp/hard/crti.o
 .ARM.attributes
                0x00000022       0x34 /usr/lib/gcc/arm-none-eabi/14.2.0/thumb/v7e-m+fp/hard/crtbegin.o
 .ARM.attributes
                0x00000056       0x34 CMakeFiles/ESC.dir/Core/Src/main.c.obj
 .ARM.attributes
                0x0000008a       0x34 CMakeFiles/ESC.dir/Core/Src/stm32g4xx_it.c.obj
 .ARM.attributes
                0x000000be       0x34 CMakeFiles/ESC.dir/Core/Src/stm32g4xx_hal_msp.c.obj
 .ARM.attributes
                0x000000f2       0x21 CMakeFiles/ESC.dir/startup_stm32g431xx.s.obj
 .ARM.attributes
                0x00000113       0x34 CMakeFiles/ESC.dir/Core/Src/pid.c.obj
 .ARM.attributes
                0x00000147       0x34 cmake/stm32cubemx/CMakeFiles/STM32_Drivers.dir/__/__/Core/Src/system_stm32g4xx.c.obj
 .ARM.attributes
                0x0000017b       0x34 cmake/stm32cubemx/CMakeFiles/STM32_Drivers.dir/__/__/Drivers/STM32G4xx_HAL_Driver/Src/stm32g4xx_hal_adc.c.obj
 .ARM.attributes
                0x000001af       0x34 cmake/stm32cubemx/CMakeFiles/STM32_Drivers.dir/__/__/Drivers/STM32G4xx_HAL_Driver/Src/stm32g4xx_hal_adc_ex.c.obj
 .ARM.attributes
                0x000001e3       0x34 cmake/stm32cubemx/CMakeFiles/STM32_Drivers.dir/__/__/Drivers/STM32G4xx_HAL_Driver/Src/stm32g4xx_hal.c.obj
 .ARM.attributes
                0x00000217       0x34 cmake/stm32cubemx/CMakeFiles/STM32_Drivers.dir/__/__/Drivers/STM32G4xx_HAL_Driver/Src/stm32g4xx_hal_rcc.c.obj
 .ARM.attributes
                0x0000024b       0x34 cmake/stm32cubemx/CMakeFiles/STM32_Drivers.dir/__/__/Drivers/STM32G4xx_HAL_Driver/Src/stm32g4xx_hal_rcc_ex.c.obj
 .ARM.attributes
                0x0000027f       0x34 cmake/stm32cubemx/CMakeFiles/STM32_Drivers.dir/__/__/Drivers/STM32G4xx_HAL_Driver/Src/stm32g4xx_hal_gpio.c.obj
 .ARM.attributes
                0x000002b3       0x34 cmake/stm32cubemx/CMakeFiles/STM32_Drivers.dir/__/__/Drivers/STM32G4xx_HAL_Driver/Src/stm32g4xx_hal_dma.c.obj
 .ARM.attributes
                0x000002e7       0x34 cmake/stm32cubemx/CMakeFiles/STM32_Drivers.dir/__/__/Drivers/STM32G4xx_HAL_Driver/Src/stm32g4xx_hal_pwr_ex.c.obj
 .ARM.attributes
                0x0000031b       0x34 cmake/stm32cubemx/CMakeFiles/STM32_Drivers.dir/__/__/Drivers/STM32G4xx_HAL_Driver/Src/stm32g4xx_hal_cortex.c.obj
 .ARM.attributes
                0x0000034f       0x34 cmake/stm32cubemx/CMakeFiles/STM32_Drivers.dir/__/__/Drivers/STM32G4xx_HAL_Driver/Src/stm32g4xx_hal_spi.c.obj
 .ARM.attributes
                0x00000383       0x34 cmake/stm32cubemx/CMakeFiles/STM32_Drivers.dir/__/__/Drivers/STM32G4xx_HAL_Driver/Src/stm32g4xx_hal_tim.c.obj
 .ARM.attributes
                0x000003b7       0x34 cmake/stm32cubemx/CMakeFiles/STM32_Drivers.dir/__/__/Drivers/STM32G4xx_HAL_Driver/Src/stm32g4xx_hal_tim_ex.c.obj
 .ARM.attributes
                0x000003eb       0x22 /usr/lib/gcc/arm-none-eabi/14.2.0/thumb/v7e-m+fp/hard/libgcc.a(_arm_addsubdf3.o)
 .ARM.attributes
                0x0000040d       0x22 /usr/lib/gcc/arm-none-eabi/14.2.0/thumb/v7e-m+fp/hard/libgcc.a(_arm_muldivdf3.o)
 .ARM.attributes
                0x0000042f       0x22 /usr/lib/gcc/arm-none-eabi/14.2.0/thumb/v7e-m+fp/hard/libgcc.a(_arm_cmpdf2.o)
 .ARM.attributes
                0x00000451       0x22 /usr/lib/gcc/arm-none-eabi/14.2.0/thumb/v7e-m+fp/hard/libgcc.a(_arm_fixunsdfsi.o)
 .ARM.attributes
                0x00000473       0x34 /usr/lib/gcc/arm-none-eabi/14.2.0/../../../../arm-none-eabi/lib/thumb/v7e-m+fp/hard/libg_nano.a(libc_a-memset.o)
 .ARM.attributes
                0x000004a7       0x34 /usr/lib/gcc/arm-none-eabi/14.2.0/../../../../arm-none-eabi/lib/thumb/v7e-m+fp/hard/libg_nano.a(libc_a-init.o)
 .ARM.attributes
                0x000004db       0x22 /usr/lib/gcc/arm-none-eabi/14.2.0/thumb/v7e-m+fp/hard/crtn.o

.comment        0x00000000       0x1e
 .comment       0x00000000       0x1e CMakeFiles/ESC.dir/Core/Src/main.c.obj
                                 0x1f (size before relaxing)
 .comment       0x0000001e       0x1f CMakeFiles/ESC.dir/Core/Src/stm32g4xx_it.c.obj
 .comment       0x0000001e       0x1f CMakeFiles/ESC.dir/Core/Src/stm32g4xx_hal_msp.c.obj
 .comment       0x0000001e       0x1f CMakeFiles/ESC.dir/Core/Src/pid.c.obj
 .comment       0x0000001e       0x1f cmake/stm32cubemx/CMakeFiles/STM32_Drivers.dir/__/__/Core/Src/system_stm32g4xx.c.obj
 .comment       0x0000001e       0x1f cmake/stm32cubemx/CMakeFiles/STM32_Drivers.dir/__/__/Drivers/STM32G4xx_HAL_Driver/Src/stm32g4xx_hal_adc.c.obj
 .comment       0x0000001e       0x1f cmake/stm32cubemx/CMakeFiles/STM32_Drivers.dir/__/__/Drivers/STM32G4xx_HAL_Driver/Src/stm32g4xx_hal_adc_ex.c.obj
 .comment       0x0000001e       0x1f cmake/stm32cubemx/CMakeFiles/STM32_Drivers.dir/__/__/Drivers/STM32G4xx_HAL_Driver/Src/stm32g4xx_hal.c.obj
 .comment       0x0000001e       0x1f cmake/stm32cubemx/CMakeFiles/STM32_Drivers.dir/__/__/Drivers/STM32G4xx_HAL_Driver/Src/stm32g4xx_hal_rcc.c.obj
 .comment       0x0000001e       0x1f cmake/stm32cubemx/CMakeFiles/STM32_Drivers.dir/__/__/Drivers/STM32G4xx_HAL_Driver/Src/stm32g4xx_hal_rcc_ex.c.obj
 .comment       0x0000001e       0x1f cmake/stm32cubemx/CMakeFiles/STM32_Drivers.dir/__/__/Drivers/STM32G4xx_HAL_Driver/Src/stm32g4xx_hal_gpio.c.obj
 .comment       0x0000001e       0x1f cmake/stm32cubemx/CMakeFiles/STM32_Drivers.dir/__/__/Drivers/STM32G4xx_HAL_Driver/Src/stm32g4xx_hal_dma.c.obj
 .comment       0x0000001e       0x1f cmake/stm32cubemx/CMakeFiles/STM32_Drivers.dir/__/__/Drivers/STM32G4xx_HAL_Driver/Src/stm32g4xx_hal_pwr_ex.c.obj
 .comment       0x0000001e       0x1f cmake/stm32cubemx/CMakeFiles/STM32_Drivers.dir/__/__/Drivers/STM32G4xx_HAL_Driver/Src/stm32g4xx_hal_cortex.c.obj
 .comment       0x0000001e       0x1f cmake/stm32cubemx/CMakeFiles/STM32_Drivers.dir/__/__/Drivers/STM32G4xx_HAL_Driver/Src/stm32g4xx_hal_spi.c.obj
 .comment       0x0000001e       0x1f cmake/stm32cubemx/CMakeFiles/STM32_Drivers.dir/__/__/Drivers/STM32G4xx_HAL_Driver/Src/stm32g4xx_hal_tim.c.obj
 .comment       0x0000001e       0x1f cmake/stm32cubemx/CMakeFiles/STM32_Drivers.dir/__/__/Drivers/STM32G4xx_HAL_Driver/Src/stm32g4xx_hal_tim_ex.c.obj
 .comment       0x0000001e       0x1f /usr/lib/gcc/arm-none-eabi/14.2.0/../../../../arm-none-eabi/lib/thumb/v7e-m+fp/hard/libg_nano.a(libc_a-memset.o)
 .comment       0x0000001e       0x1f /usr/lib/gcc/arm-none-eabi/14.2.0/../../../../arm-none-eabi/lib/thumb/v7e-m+fp/hard/libg_nano.a(libc_a-init.o)

.debug_info     0x00000000    0x13924
 .debug_info    0x00000000     0x2507 CMakeFiles/ESC.dir/Core/Src/main.c.obj
 .debug_info    0x00002507      0x8ab CMakeFiles/ESC.dir/Core/Src/stm32g4xx_it.c.obj
 .debug_info    0x00002db2     0x18e0 CMakeFiles/ESC.dir/Core/Src/stm32g4xx_hal_msp.c.obj
 .debug_info    0x00004692       0x30 CMakeFiles/ESC.dir/startup_stm32g431xx.s.obj
 .debug_info    0x000046c2      0x16c CMakeFiles/ESC.dir/Core/Src/pid.c.obj
 .debug_info    0x0000482e      0x58e cmake/stm32cubemx/CMakeFiles/STM32_Drivers.dir/__/__/Core/Src/system_stm32g4xx.c.obj
 .debug_info    0x00004dbc     0x2063 cmake/stm32cubemx/CMakeFiles/STM32_Drivers.dir/__/__/Drivers/STM32G4xx_HAL_Driver/Src/stm32g4xx_hal_adc.c.obj
 .debug_info    0x00006e1f     0x1d80 cmake/stm32cubemx/CMakeFiles/STM32_Drivers.dir/__/__/Drivers/STM32G4xx_HAL_Driver/Src/stm32g4xx_hal_adc_ex.c.obj
 .debug_info    0x00008b9f      0xadb cmake/stm32cubemx/CMakeFiles/STM32_Drivers.dir/__/__/Drivers/STM32G4xx_HAL_Driver/Src/stm32g4xx_hal.c.obj
 .debug_info    0x0000967a      0xb9b cmake/stm32cubemx/CMakeFiles/STM32_Drivers.dir/__/__/Drivers/STM32G4xx_HAL_Driver/Src/stm32g4xx_hal_rcc.c.obj
 .debug_info    0x0000a215      0xc2d cmake/stm32cubemx/CMakeFiles/STM32_Drivers.dir/__/__/Drivers/STM32G4xx_HAL_Driver/Src/stm32g4xx_hal_rcc_ex.c.obj
 .debug_info    0x0000ae42      0x772 cmake/stm32cubemx/CMakeFiles/STM32_Drivers.dir/__/__/Drivers/STM32G4xx_HAL_Driver/Src/stm32g4xx_hal_gpio.c.obj
 .debug_info    0x0000b5b4      0x85f cmake/stm32cubemx/CMakeFiles/STM32_Drivers.dir/__/__/Drivers/STM32G4xx_HAL_Driver/Src/stm32g4xx_hal_dma.c.obj
 .debug_info    0x0000be13      0x944 cmake/stm32cubemx/CMakeFiles/STM32_Drivers.dir/__/__/Drivers/STM32G4xx_HAL_Driver/Src/stm32g4xx_hal_pwr_ex.c.obj
 .debug_info    0x0000c757      0xd3f cmake/stm32cubemx/CMakeFiles/STM32_Drivers.dir/__/__/Drivers/STM32G4xx_HAL_Driver/Src/stm32g4xx_hal_cortex.c.obj
 .debug_info    0x0000d496     0x1677 cmake/stm32cubemx/CMakeFiles/STM32_Drivers.dir/__/__/Drivers/STM32G4xx_HAL_Driver/Src/stm32g4xx_hal_spi.c.obj
 .debug_info    0x0000eb0d     0x2c52 cmake/stm32cubemx/CMakeFiles/STM32_Drivers.dir/__/__/Drivers/STM32G4xx_HAL_Driver/Src/stm32g4xx_hal_tim.c.obj
 .debug_info    0x0001175f     0x1d95 cmake/stm32cubemx/CMakeFiles/STM32_Drivers.dir/__/__/Drivers/STM32G4xx_HAL_Driver/Src/stm32g4xx_hal_tim_ex.c.obj
 .debug_info    0x000134f4       0xd3 /usr/lib/gcc/arm-none-eabi/14.2.0/thumb/v7e-m+fp/hard/libgcc.a(_arm_addsubdf3.o)
 .debug_info    0x000135c7       0x57 /usr/lib/gcc/arm-none-eabi/14.2.0/thumb/v7e-m+fp/hard/libgcc.a(_arm_muldivdf3.o)
 .debug_info    0x0001361e       0xdf /usr/lib/gcc/arm-none-eabi/14.2.0/thumb/v7e-m+fp/hard/libgcc.a(_arm_cmpdf2.o)
 .debug_info    0x000136fd       0x3c /usr/lib/gcc/arm-none-eabi/14.2.0/thumb/v7e-m+fp/hard/libgcc.a(_arm_fixunsdfsi.o)
 .debug_info    0x00013739       0xe0 /usr/lib/gcc/arm-none-eabi/14.2.0/../../../../arm-none-eabi/lib/thumb/v7e-m+fp/hard/libg_nano.a(libc_a-memset.o)
 .debug_info    0x00013819      0x10b /usr/lib/gcc/arm-none-eabi/14.2.0/../../../../arm-none-eabi/lib/thumb/v7e-m+fp/hard/libg_nano.a(libc_a-init.o)

.debug_abbrev   0x00000000     0x2a40
 .debug_abbrev  0x00000000      0x3ae CMakeFiles/ESC.dir/Core/Src/main.c.obj
 .debug_abbrev  0x000003ae      0x1c5 CMakeFiles/ESC.dir/Core/Src/stm32g4xx_it.c.obj
 .debug_abbrev  0x00000573      0x286 CMakeFiles/ESC.dir/Core/Src/stm32g4xx_hal_msp.c.obj
 .debug_abbrev  0x000007f9       0x24 CMakeFiles/ESC.dir/startup_stm32g431xx.s.obj
 .debug_abbrev  0x0000081d       0xe1 CMakeFiles/ESC.dir/Core/Src/pid.c.obj
 .debug_abbrev  0x000008fe      0x11a cmake/stm32cubemx/CMakeFiles/STM32_Drivers.dir/__/__/Core/Src/system_stm32g4xx.c.obj
 .debug_abbrev  0x00000a18      0x2d3 cmake/stm32cubemx/CMakeFiles/STM32_Drivers.dir/__/__/Drivers/STM32G4xx_HAL_Driver/Src/stm32g4xx_hal_adc.c.obj
 .debug_abbrev  0x00000ceb      0x2ee cmake/stm32cubemx/CMakeFiles/STM32_Drivers.dir/__/__/Drivers/STM32G4xx_HAL_Driver/Src/stm32g4xx_hal_adc_ex.c.obj
 .debug_abbrev  0x00000fd9      0x271 cmake/stm32cubemx/CMakeFiles/STM32_Drivers.dir/__/__/Drivers/STM32G4xx_HAL_Driver/Src/stm32g4xx_hal.c.obj
 .debug_abbrev  0x0000124a      0x2c9 cmake/stm32cubemx/CMakeFiles/STM32_Drivers.dir/__/__/Drivers/STM32G4xx_HAL_Driver/Src/stm32g4xx_hal_rcc.c.obj
 .debug_abbrev  0x00001513      0x261 cmake/stm32cubemx/CMakeFiles/STM32_Drivers.dir/__/__/Drivers/STM32G4xx_HAL_Driver/Src/stm32g4xx_hal_rcc_ex.c.obj
 .debug_abbrev  0x00001774      0x1d2 cmake/stm32cubemx/CMakeFiles/STM32_Drivers.dir/__/__/Drivers/STM32G4xx_HAL_Driver/Src/stm32g4xx_hal_gpio.c.obj
 .debug_abbrev  0x00001946      0x1e2 cmake/stm32cubemx/CMakeFiles/STM32_Drivers.dir/__/__/Drivers/STM32G4xx_HAL_Driver/Src/stm32g4xx_hal_dma.c.obj
 .debug_abbrev  0x00001b28      0x22c cmake/stm32cubemx/CMakeFiles/STM32_Drivers.dir/__/__/Drivers/STM32G4xx_HAL_Driver/Src/stm32g4xx_hal_pwr_ex.c.obj
 .debug_abbrev  0x00001d54      0x31c cmake/stm32cubemx/CMakeFiles/STM32_Drivers.dir/__/__/Drivers/STM32G4xx_HAL_Driver/Src/stm32g4xx_hal_cortex.c.obj
 .debug_abbrev  0x00002070      0x25d cmake/stm32cubemx/CMakeFiles/STM32_Drivers.dir/__/__/Drivers/STM32G4xx_HAL_Driver/Src/stm32g4xx_hal_spi.c.obj
 .debug_abbrev  0x000022cd      0x2a7 cmake/stm32cubemx/CMakeFiles/STM32_Drivers.dir/__/__/Drivers/STM32G4xx_HAL_Driver/Src/stm32g4xx_hal_tim.c.obj
 .debug_abbrev  0x00002574      0x2c5 cmake/stm32cubemx/CMakeFiles/STM32_Drivers.dir/__/__/Drivers/STM32G4xx_HAL_Driver/Src/stm32g4xx_hal_tim_ex.c.obj
 .debug_abbrev  0x00002839       0x28 /usr/lib/gcc/arm-none-eabi/14.2.0/thumb/v7e-m+fp/hard/libgcc.a(_arm_addsubdf3.o)
 .debug_abbrev  0x00002861       0x28 /usr/lib/gcc/arm-none-eabi/14.2.0/thumb/v7e-m+fp/hard/libgcc.a(_arm_muldivdf3.o)
 .debug_abbrev  0x00002889       0x28 /usr/lib/gcc/arm-none-eabi/14.2.0/thumb/v7e-m+fp/hard/libgcc.a(_arm_cmpdf2.o)
 .debug_abbrev  0x000028b1       0x28 /usr/lib/gcc/arm-none-eabi/14.2.0/thumb/v7e-m+fp/hard/libgcc.a(_arm_fixunsdfsi.o)
 .debug_abbrev  0x000028d9       0x9e /usr/lib/gcc/arm-none-eabi/14.2.0/../../../../arm-none-eabi/lib/thumb/v7e-m+fp/hard/libg_nano.a(libc_a-memset.o)
 .debug_abbrev  0x00002977       0xc9 /usr/lib/gcc/arm-none-eabi/14.2.0/../../../../arm-none-eabi/lib/thumb/v7e-m+fp/hard/libg_nano.a(libc_a-init.o)

.debug_aranges  0x00000000     0x14b8
 .debug_aranges
                0x00000000       0xd8 CMakeFiles/ESC.dir/Core/Src/main.c.obj
 .debug_aranges
                0x000000d8       0x70 CMakeFiles/ESC.dir/Core/Src/stm32g4xx_it.c.obj
 .debug_aranges
                0x00000148       0x58 CMakeFiles/ESC.dir/Core/Src/stm32g4xx_hal_msp.c.obj
 .debug_aranges
                0x000001a0       0x28 CMakeFiles/ESC.dir/startup_stm32g431xx.s.obj
 .debug_aranges
                0x000001c8       0x28 CMakeFiles/ESC.dir/Core/Src/pid.c.obj
 .debug_aranges
                0x000001f0       0x28 cmake/stm32cubemx/CMakeFiles/STM32_Drivers.dir/__/__/Core/Src/system_stm32g4xx.c.obj
 .debug_aranges
                0x00000218      0x248 cmake/stm32cubemx/CMakeFiles/STM32_Drivers.dir/__/__/Drivers/STM32G4xx_HAL_Driver/Src/stm32g4xx_hal_adc.c.obj
 .debug_aranges
                0x00000460      0x1c0 cmake/stm32cubemx/CMakeFiles/STM32_Drivers.dir/__/__/Drivers/STM32G4xx_HAL_Driver/Src/stm32g4xx_hal_adc_ex.c.obj
 .debug_aranges
                0x00000620      0x148 cmake/stm32cubemx/CMakeFiles/STM32_Drivers.dir/__/__/Drivers/STM32G4xx_HAL_Driver/Src/stm32g4xx_hal.c.obj
 .debug_aranges
                0x00000768       0x98 cmake/stm32cubemx/CMakeFiles/STM32_Drivers.dir/__/__/Drivers/STM32G4xx_HAL_Driver/Src/stm32g4xx_hal_rcc.c.obj
 .debug_aranges
                0x00000800       0xb0 cmake/stm32cubemx/CMakeFiles/STM32_Drivers.dir/__/__/Drivers/STM32G4xx_HAL_Driver/Src/stm32g4xx_hal_rcc_ex.c.obj
 .debug_aranges
                0x000008b0       0x58 cmake/stm32cubemx/CMakeFiles/STM32_Drivers.dir/__/__/Drivers/STM32G4xx_HAL_Driver/Src/stm32g4xx_hal_gpio.c.obj
 .debug_aranges
                0x00000908       0x90 cmake/stm32cubemx/CMakeFiles/STM32_Drivers.dir/__/__/Drivers/STM32G4xx_HAL_Driver/Src/stm32g4xx_hal_dma.c.obj
 .debug_aranges
                0x00000998      0x140 cmake/stm32cubemx/CMakeFiles/STM32_Drivers.dir/__/__/Drivers/STM32G4xx_HAL_Driver/Src/stm32g4xx_hal_pwr_ex.c.obj
 .debug_aranges
                0x00000ad8      0x128 cmake/stm32cubemx/CMakeFiles/STM32_Drivers.dir/__/__/Drivers/STM32G4xx_HAL_Driver/Src/stm32g4xx_hal_cortex.c.obj
 .debug_aranges
                0x00000c00      0x1d8 cmake/stm32cubemx/CMakeFiles/STM32_Drivers.dir/__/__/Drivers/STM32G4xx_HAL_Driver/Src/stm32g4xx_hal_spi.c.obj
 .debug_aranges
                0x00000dd8      0x3e0 cmake/stm32cubemx/CMakeFiles/STM32_Drivers.dir/__/__/Drivers/STM32G4xx_HAL_Driver/Src/stm32g4xx_hal_tim.c.obj
 .debug_aranges
                0x000011b8      0x240 cmake/stm32cubemx/CMakeFiles/STM32_Drivers.dir/__/__/Drivers/STM32G4xx_HAL_Driver/Src/stm32g4xx_hal_tim_ex.c.obj
 .debug_aranges
                0x000013f8       0x20 /usr/lib/gcc/arm-none-eabi/14.2.0/thumb/v7e-m+fp/hard/libgcc.a(_arm_addsubdf3.o)
 .debug_aranges
                0x00001418       0x20 /usr/lib/gcc/arm-none-eabi/14.2.0/thumb/v7e-m+fp/hard/libgcc.a(_arm_muldivdf3.o)
 .debug_aranges
                0x00001438       0x20 /usr/lib/gcc/arm-none-eabi/14.2.0/thumb/v7e-m+fp/hard/libgcc.a(_arm_cmpdf2.o)
 .debug_aranges
                0x00001458       0x20 /usr/lib/gcc/arm-none-eabi/14.2.0/thumb/v7e-m+fp/hard/libgcc.a(_arm_fixunsdfsi.o)
 .debug_aranges
                0x00001478       0x20 /usr/lib/gcc/arm-none-eabi/14.2.0/../../../../arm-none-eabi/lib/thumb/v7e-m+fp/hard/libg_nano.a(libc_a-memset.o)
 .debug_aranges
                0x00001498       0x20 /usr/lib/gcc/arm-none-eabi/14.2.0/../../../../arm-none-eabi/lib/thumb/v7e-m+fp/hard/libg_nano.a(libc_a-init.o)

.debug_rnglists
                0x00000000      0xfc9
 .debug_rnglists
                0x00000000       0xd3 CMakeFiles/ESC.dir/Core/Src/main.c.obj
 .debug_rnglists
                0x000000d3       0x4f CMakeFiles/ESC.dir/Core/Src/stm32g4xx_it.c.obj
 .debug_rnglists
                0x00000122       0x41 CMakeFiles/ESC.dir/Core/Src/stm32g4xx_hal_msp.c.obj
 .debug_rnglists
                0x00000163       0x19 CMakeFiles/ESC.dir/startup_stm32g431xx.s.obj
 .debug_rnglists
                0x0000017c       0x1a CMakeFiles/ESC.dir/Core/Src/pid.c.obj
 .debug_rnglists
                0x00000196       0x1a cmake/stm32cubemx/CMakeFiles/STM32_Drivers.dir/__/__/Core/Src/system_stm32g4xx.c.obj
 .debug_rnglists
                0x000001b0      0x1c0 cmake/stm32cubemx/CMakeFiles/STM32_Drivers.dir/__/__/Drivers/STM32G4xx_HAL_Driver/Src/stm32g4xx_hal_adc.c.obj
 .debug_rnglists
                0x00000370      0x15a cmake/stm32cubemx/CMakeFiles/STM32_Drivers.dir/__/__/Drivers/STM32G4xx_HAL_Driver/Src/stm32g4xx_hal_adc_ex.c.obj
 .debug_rnglists
                0x000004ca       0xf1 cmake/stm32cubemx/CMakeFiles/STM32_Drivers.dir/__/__/Drivers/STM32G4xx_HAL_Driver/Src/stm32g4xx_hal.c.obj
 .debug_rnglists
                0x000005bb       0x74 cmake/stm32cubemx/CMakeFiles/STM32_Drivers.dir/__/__/Drivers/STM32G4xx_HAL_Driver/Src/stm32g4xx_hal_rcc.c.obj
 .debug_rnglists
                0x0000062f       0x87 cmake/stm32cubemx/CMakeFiles/STM32_Drivers.dir/__/__/Drivers/STM32G4xx_HAL_Driver/Src/stm32g4xx_hal_rcc_ex.c.obj
 .debug_rnglists
                0x000006b6       0x3f cmake/stm32cubemx/CMakeFiles/STM32_Drivers.dir/__/__/Drivers/STM32G4xx_HAL_Driver/Src/stm32g4xx_hal_gpio.c.obj
 .debug_rnglists
                0x000006f5       0x72 cmake/stm32cubemx/CMakeFiles/STM32_Drivers.dir/__/__/Drivers/STM32G4xx_HAL_Driver/Src/stm32g4xx_hal_dma.c.obj
 .debug_rnglists
                0x00000767       0xf1 cmake/stm32cubemx/CMakeFiles/STM32_Drivers.dir/__/__/Drivers/STM32G4xx_HAL_Driver/Src/stm32g4xx_hal_pwr_ex.c.obj
 .debug_rnglists
                0x00000858       0xda cmake/stm32cubemx/CMakeFiles/STM32_Drivers.dir/__/__/Drivers/STM32G4xx_HAL_Driver/Src/stm32g4xx_hal_cortex.c.obj
 .debug_rnglists
                0x00000932      0x178 cmake/stm32cubemx/CMakeFiles/STM32_Drivers.dir/__/__/Drivers/STM32G4xx_HAL_Driver/Src/stm32g4xx_hal_spi.c.obj
 .debug_rnglists
                0x00000aaa      0x32d cmake/stm32cubemx/CMakeFiles/STM32_Drivers.dir/__/__/Drivers/STM32G4xx_HAL_Driver/Src/stm32g4xx_hal_tim.c.obj
 .debug_rnglists
                0x00000dd7      0x1cc cmake/stm32cubemx/CMakeFiles/STM32_Drivers.dir/__/__/Drivers/STM32G4xx_HAL_Driver/Src/stm32g4xx_hal_tim_ex.c.obj
 .debug_rnglists
                0x00000fa3       0x13 /usr/lib/gcc/arm-none-eabi/14.2.0/../../../../arm-none-eabi/lib/thumb/v7e-m+fp/hard/libg_nano.a(libc_a-memset.o)
 .debug_rnglists
                0x00000fb6       0x13 /usr/lib/gcc/arm-none-eabi/14.2.0/../../../../arm-none-eabi/lib/thumb/v7e-m+fp/hard/libg_nano.a(libc_a-init.o)

.debug_macro    0x00000000    0x1fbb5
 .debug_macro   0x00000000      0x35d CMakeFiles/ESC.dir/Core/Src/main.c.obj
 .debug_macro   0x0000035d      0xad8 CMakeFiles/ESC.dir/Core/Src/main.c.obj
 .debug_macro   0x00000e35      0x161 CMakeFiles/ESC.dir/Core/Src/main.c.obj
 .debug_macro   0x00000f96       0x2e CMakeFiles/ESC.dir/Core/Src/main.c.obj
 .debug_macro   0x00000fc4       0x28 CMakeFiles/ESC.dir/Core/Src/main.c.obj
 .debug_macro   0x00000fec       0x22 CMakeFiles/ESC.dir/Core/Src/main.c.obj
 .debug_macro   0x0000100e       0x8e CMakeFiles/ESC.dir/Core/Src/main.c.obj
 .debug_macro   0x0000109c       0x51 CMakeFiles/ESC.dir/Core/Src/main.c.obj
 .debug_macro   0x000010ed      0x103 CMakeFiles/ESC.dir/Core/Src/main.c.obj
 .debug_macro   0x000011f0       0x6a CMakeFiles/ESC.dir/Core/Src/main.c.obj
 .debug_macro   0x0000125a      0x1df CMakeFiles/ESC.dir/Core/Src/main.c.obj
 .debug_macro   0x00001439       0x1c CMakeFiles/ESC.dir/Core/Src/main.c.obj
 .debug_macro   0x00001455       0x22 CMakeFiles/ESC.dir/Core/Src/main.c.obj
 .debug_macro   0x00001477       0xfb CMakeFiles/ESC.dir/Core/Src/main.c.obj
 .debug_macro   0x00001572     0x1011 CMakeFiles/ESC.dir/Core/Src/main.c.obj
 .debug_macro   0x00002583      0x11f CMakeFiles/ESC.dir/Core/Src/main.c.obj
 .debug_macro   0x000026a2    0x1138f CMakeFiles/ESC.dir/Core/Src/main.c.obj
 .debug_macro   0x00013a31       0x6d CMakeFiles/ESC.dir/Core/Src/main.c.obj
 .debug_macro   0x00013a9e     0x3558 CMakeFiles/ESC.dir/Core/Src/main.c.obj
 .debug_macro   0x00016ff6      0x190 CMakeFiles/ESC.dir/Core/Src/main.c.obj
 .debug_macro   0x00017186       0x5c CMakeFiles/ESC.dir/Core/Src/main.c.obj
 .debug_macro   0x000171e2     0x141d CMakeFiles/ESC.dir/Core/Src/main.c.obj
 .debug_macro   0x000185ff      0x535 CMakeFiles/ESC.dir/Core/Src/main.c.obj
 .debug_macro   0x00018b34      0x1b6 CMakeFiles/ESC.dir/Core/Src/main.c.obj
 .debug_macro   0x00018cea      0x288 CMakeFiles/ESC.dir/Core/Src/main.c.obj
 .debug_macro   0x00018f72      0x41d CMakeFiles/ESC.dir/Core/Src/main.c.obj
 .debug_macro   0x0001938f      0x18b CMakeFiles/ESC.dir/Core/Src/main.c.obj
 .debug_macro   0x0001951a       0x43 CMakeFiles/ESC.dir/Core/Src/main.c.obj
 .debug_macro   0x0001955d      0x23d CMakeFiles/ESC.dir/Core/Src/main.c.obj
 .debug_macro   0x0001979a     0x1111 CMakeFiles/ESC.dir/Core/Src/main.c.obj
 .debug_macro   0x0001a8ab      0x72e CMakeFiles/ESC.dir/Core/Src/main.c.obj
 .debug_macro   0x0001afd9      0x391 CMakeFiles/ESC.dir/Core/Src/main.c.obj
 .debug_macro   0x0001b36a      0x211 CMakeFiles/ESC.dir/Core/Src/main.c.obj
 .debug_macro   0x0001b57b      0x401 CMakeFiles/ESC.dir/Core/Src/main.c.obj
 .debug_macro   0x0001b97c      0x107 CMakeFiles/ESC.dir/Core/Src/main.c.obj
 .debug_macro   0x0001ba83      0x122 CMakeFiles/ESC.dir/Core/Src/main.c.obj
 .debug_macro   0x0001bba5      0x3d1 CMakeFiles/ESC.dir/Core/Src/main.c.obj
 .debug_macro   0x0001bf76      0x2fe CMakeFiles/ESC.dir/Core/Src/main.c.obj
 .debug_macro   0x0001c274      0xbda CMakeFiles/ESC.dir/Core/Src/main.c.obj
 .debug_macro   0x0001ce4e      0x47e CMakeFiles/ESC.dir/Core/Src/main.c.obj
 .debug_macro   0x0001d2cc      0x306 CMakeFiles/ESC.dir/Core/Src/main.c.obj
 .debug_macro   0x0001d5d2       0x22 CMakeFiles/ESC.dir/Core/Src/main.c.obj
 .debug_macro   0x0001d5f4       0x74 CMakeFiles/ESC.dir/Core/Src/main.c.obj
 .debug_macro   0x0001d668       0x2a CMakeFiles/ESC.dir/Core/Src/main.c.obj
 .debug_macro   0x0001d692       0x3c CMakeFiles/ESC.dir/Core/Src/main.c.obj
 .debug_macro   0x0001d6ce       0x34 CMakeFiles/ESC.dir/Core/Src/main.c.obj
 .debug_macro   0x0001d702      0x364 CMakeFiles/ESC.dir/Core/Src/main.c.obj
 .debug_macro   0x0001da66       0x10 CMakeFiles/ESC.dir/Core/Src/main.c.obj
 .debug_macro   0x0001da76       0x16 CMakeFiles/ESC.dir/Core/Src/main.c.obj
 .debug_macro   0x0001da8c       0x4a CMakeFiles/ESC.dir/Core/Src/main.c.obj
 .debug_macro   0x0001dad6       0x34 CMakeFiles/ESC.dir/Core/Src/main.c.obj
 .debug_macro   0x0001db0a       0x1c CMakeFiles/ESC.dir/Core/Src/main.c.obj
 .debug_macro   0x0001db26       0x52 CMakeFiles/ESC.dir/Core/Src/main.c.obj
 .debug_macro   0x0001db78       0x22 CMakeFiles/ESC.dir/Core/Src/main.c.obj
 .debug_macro   0x0001db9a       0x10 CMakeFiles/ESC.dir/Core/Src/main.c.obj
 .debug_macro   0x0001dbaa       0x52 CMakeFiles/ESC.dir/Core/Src/main.c.obj
 .debug_macro   0x0001dbfc       0xcf CMakeFiles/ESC.dir/Core/Src/main.c.obj
 .debug_macro   0x0001dccb       0x1c CMakeFiles/ESC.dir/Core/Src/main.c.obj
 .debug_macro   0x0001dce7       0x3d CMakeFiles/ESC.dir/Core/Src/main.c.obj
 .debug_macro   0x0001dd24      0x206 CMakeFiles/ESC.dir/Core/Src/stm32g4xx_it.c.obj
 .debug_macro   0x0001df2a      0x1fc CMakeFiles/ESC.dir/Core/Src/stm32g4xx_hal_msp.c.obj
 .debug_macro   0x0001e126       0x1b CMakeFiles/ESC.dir/Core/Src/pid.c.obj
 .debug_macro   0x0001e141      0x1f2 cmake/stm32cubemx/CMakeFiles/STM32_Drivers.dir/__/__/Core/Src/system_stm32g4xx.c.obj
 .debug_macro   0x0001e333      0x20f cmake/stm32cubemx/CMakeFiles/STM32_Drivers.dir/__/__/Drivers/STM32G4xx_HAL_Driver/Src/stm32g4xx_hal_adc.c.obj
 .debug_macro   0x0001e542      0x1fe cmake/stm32cubemx/CMakeFiles/STM32_Drivers.dir/__/__/Drivers/STM32G4xx_HAL_Driver/Src/stm32g4xx_hal_adc_ex.c.obj
 .debug_macro   0x0001e740      0x240 cmake/stm32cubemx/CMakeFiles/STM32_Drivers.dir/__/__/Drivers/STM32G4xx_HAL_Driver/Src/stm32g4xx_hal.c.obj
 .debug_macro   0x0001e980      0x234 cmake/stm32cubemx/CMakeFiles/STM32_Drivers.dir/__/__/Drivers/STM32G4xx_HAL_Driver/Src/stm32g4xx_hal_rcc.c.obj
 .debug_macro   0x0001ebb4      0x21c cmake/stm32cubemx/CMakeFiles/STM32_Drivers.dir/__/__/Drivers/STM32G4xx_HAL_Driver/Src/stm32g4xx_hal_rcc_ex.c.obj
 .debug_macro   0x0001edd0      0x1f9 cmake/stm32cubemx/CMakeFiles/STM32_Drivers.dir/__/__/Drivers/STM32G4xx_HAL_Driver/Src/stm32g4xx_hal_gpio.c.obj
 .debug_macro   0x0001efc9      0x1f2 cmake/stm32cubemx/CMakeFiles/STM32_Drivers.dir/__/__/Drivers/STM32G4xx_HAL_Driver/Src/stm32g4xx_hal_dma.c.obj
 .debug_macro   0x0001f1bb      0x21c cmake/stm32cubemx/CMakeFiles/STM32_Drivers.dir/__/__/Drivers/STM32G4xx_HAL_Driver/Src/stm32g4xx_hal_pwr_ex.c.obj
 .debug_macro   0x0001f3d7      0x1f2 cmake/stm32cubemx/CMakeFiles/STM32_Drivers.dir/__/__/Drivers/STM32G4xx_HAL_Driver/Src/stm32g4xx_hal_cortex.c.obj
 .debug_macro   0x0001f5c9      0x1fa cmake/stm32cubemx/CMakeFiles/STM32_Drivers.dir/__/__/Drivers/STM32G4xx_HAL_Driver/Src/stm32g4xx_hal_spi.c.obj
 .debug_macro   0x0001f7c3      0x1fa cmake/stm32cubemx/CMakeFiles/STM32_Drivers.dir/__/__/Drivers/STM32G4xx_HAL_Driver/Src/stm32g4xx_hal_tim.c.obj
 .debug_macro   0x0001f9bd      0x1f8 cmake/stm32cubemx/CMakeFiles/STM32_Drivers.dir/__/__/Drivers/STM32G4xx_HAL_Driver/Src/stm32g4xx_hal_tim_ex.c.obj

.debug_line     0x00000000    0x137bf
 .debug_line    0x00000000      0xfb0 CMakeFiles/ESC.dir/Core/Src/main.c.obj
 .debug_line    0x00000fb0      0x6e3 CMakeFiles/ESC.dir/Core/Src/stm32g4xx_it.c.obj
 .debug_line    0x00001693      0x7dd CMakeFiles/ESC.dir/Core/Src/stm32g4xx_hal_msp.c.obj
 .debug_line    0x00001e70       0x7b CMakeFiles/ESC.dir/startup_stm32g431xx.s.obj
 .debug_line    0x00001eeb      0x106 CMakeFiles/ESC.dir/Core/Src/pid.c.obj
 .debug_line    0x00001ff1      0x688 cmake/stm32cubemx/CMakeFiles/STM32_Drivers.dir/__/__/Core/Src/system_stm32g4xx.c.obj
 .debug_line    0x00002679     0x1e5d cmake/stm32cubemx/CMakeFiles/STM32_Drivers.dir/__/__/Drivers/STM32G4xx_HAL_Driver/Src/stm32g4xx_hal_adc.c.obj
 .debug_line    0x000044d6     0x1890 cmake/stm32cubemx/CMakeFiles/STM32_Drivers.dir/__/__/Drivers/STM32G4xx_HAL_Driver/Src/stm32g4xx_hal_adc_ex.c.obj
 .debug_line    0x00005d66      0xa54 cmake/stm32cubemx/CMakeFiles/STM32_Drivers.dir/__/__/Drivers/STM32G4xx_HAL_Driver/Src/stm32g4xx_hal.c.obj
 .debug_line    0x000067ba      0xed7 cmake/stm32cubemx/CMakeFiles/STM32_Drivers.dir/__/__/Drivers/STM32G4xx_HAL_Driver/Src/stm32g4xx_hal_rcc.c.obj
 .debug_line    0x00007691     0x1004 cmake/stm32cubemx/CMakeFiles/STM32_Drivers.dir/__/__/Drivers/STM32G4xx_HAL_Driver/Src/stm32g4xx_hal_rcc_ex.c.obj
 .debug_line    0x00008695      0xa40 cmake/stm32cubemx/CMakeFiles/STM32_Drivers.dir/__/__/Drivers/STM32G4xx_HAL_Driver/Src/stm32g4xx_hal_gpio.c.obj
 .debug_line    0x000090d5      0xd69 cmake/stm32cubemx/CMakeFiles/STM32_Drivers.dir/__/__/Drivers/STM32G4xx_HAL_Driver/Src/stm32g4xx_hal_dma.c.obj
 .debug_line    0x00009e3e      0xbb3 cmake/stm32cubemx/CMakeFiles/STM32_Drivers.dir/__/__/Drivers/STM32G4xx_HAL_Driver/Src/stm32g4xx_hal_pwr_ex.c.obj
 .debug_line    0x0000a9f1      0xbb9 cmake/stm32cubemx/CMakeFiles/STM32_Drivers.dir/__/__/Drivers/STM32G4xx_HAL_Driver/Src/stm32g4xx_hal_cortex.c.obj
 .debug_line    0x0000b5aa     0x1f02 cmake/stm32cubemx/CMakeFiles/STM32_Drivers.dir/__/__/Drivers/STM32G4xx_HAL_Driver/Src/stm32g4xx_hal_spi.c.obj
 .debug_line    0x0000d4ac     0x3e49 cmake/stm32cubemx/CMakeFiles/STM32_Drivers.dir/__/__/Drivers/STM32G4xx_HAL_Driver/Src/stm32g4xx_hal_tim.c.obj
 .debug_line    0x000112f5     0x1e9b cmake/stm32cubemx/CMakeFiles/STM32_Drivers.dir/__/__/Drivers/STM32G4xx_HAL_Driver/Src/stm32g4xx_hal_tim_ex.c.obj
 .debug_line    0x00013190      0x16f /usr/lib/gcc/arm-none-eabi/14.2.0/thumb/v7e-m+fp/hard/libgcc.a(_arm_addsubdf3.o)
 .debug_line    0x000132ff      0x184 /usr/lib/gcc/arm-none-eabi/14.2.0/thumb/v7e-m+fp/hard/libgcc.a(_arm_muldivdf3.o)
 .debug_line    0x00013483       0xa6 /usr/lib/gcc/arm-none-eabi/14.2.0/thumb/v7e-m+fp/hard/libgcc.a(_arm_cmpdf2.o)
 .debug_line    0x00013529       0x5e /usr/lib/gcc/arm-none-eabi/14.2.0/thumb/v7e-m+fp/hard/libgcc.a(_arm_fixunsdfsi.o)
 .debug_line    0x00013587      0x123 /usr/lib/gcc/arm-none-eabi/14.2.0/../../../../arm-none-eabi/lib/thumb/v7e-m+fp/hard/libg_nano.a(libc_a-memset.o)
 .debug_line    0x000136aa      0x115 /usr/lib/gcc/arm-none-eabi/14.2.0/../../../../arm-none-eabi/lib/thumb/v7e-m+fp/hard/libg_nano.a(libc_a-init.o)

.debug_str      0x00000000    0xd6a2f
 .debug_str     0x00000000    0xd6a2f CMakeFiles/ESC.dir/Core/Src/main.c.obj
                              0xd1f93 (size before relaxing)
 .debug_str     0x000d6a2f    0xce73a CMakeFiles/ESC.dir/Core/Src/stm32g4xx_it.c.obj
 .debug_str     0x000d6a2f    0xcf3ea CMakeFiles/ESC.dir/Core/Src/stm32g4xx_hal_msp.c.obj
 .debug_str     0x000d6a2f       0x80 CMakeFiles/ESC.dir/startup_stm32g431xx.s.obj
 .debug_str     0x000d6a2f     0x2ee4 CMakeFiles/ESC.dir/Core/Src/pid.c.obj
 .debug_str     0x000d6a2f    0xce23a cmake/stm32cubemx/CMakeFiles/STM32_Drivers.dir/__/__/Core/Src/system_stm32g4xx.c.obj
 .debug_str     0x000d6a2f    0xcf267 cmake/stm32cubemx/CMakeFiles/STM32_Drivers.dir/__/__/Drivers/STM32G4xx_HAL_Driver/Src/stm32g4xx_hal_adc.c.obj
 .debug_str     0x000d6a2f    0xcf20d cmake/stm32cubemx/CMakeFiles/STM32_Drivers.dir/__/__/Drivers/STM32G4xx_HAL_Driver/Src/stm32g4xx_hal_adc_ex.c.obj
 .debug_str     0x000d6a2f    0xced79 cmake/stm32cubemx/CMakeFiles/STM32_Drivers.dir/__/__/Drivers/STM32G4xx_HAL_Driver/Src/stm32g4xx_hal.c.obj
 .debug_str     0x000d6a2f    0xce933 cmake/stm32cubemx/CMakeFiles/STM32_Drivers.dir/__/__/Drivers/STM32G4xx_HAL_Driver/Src/stm32g4xx_hal_rcc.c.obj
 .debug_str     0x000d6a2f    0xce934 cmake/stm32cubemx/CMakeFiles/STM32_Drivers.dir/__/__/Drivers/STM32G4xx_HAL_Driver/Src/stm32g4xx_hal_rcc_ex.c.obj
 .debug_str     0x000d6a2f    0xce3c5 cmake/stm32cubemx/CMakeFiles/STM32_Drivers.dir/__/__/Drivers/STM32G4xx_HAL_Driver/Src/stm32g4xx_hal_gpio.c.obj
 .debug_str     0x000d6a2f    0xce614 cmake/stm32cubemx/CMakeFiles/STM32_Drivers.dir/__/__/Drivers/STM32G4xx_HAL_Driver/Src/stm32g4xx_hal_dma.c.obj
 .debug_str     0x000d6a2f    0xce728 cmake/stm32cubemx/CMakeFiles/STM32_Drivers.dir/__/__/Drivers/STM32G4xx_HAL_Driver/Src/stm32g4xx_hal_pwr_ex.c.obj
 .debug_str     0x000d6a2f    0xcea35 cmake/stm32cubemx/CMakeFiles/STM32_Drivers.dir/__/__/Drivers/STM32G4xx_HAL_Driver/Src/stm32g4xx_hal_cortex.c.obj
 .debug_str     0x000d6a2f    0xceb6c cmake/stm32cubemx/CMakeFiles/STM32_Drivers.dir/__/__/Drivers/STM32G4xx_HAL_Driver/Src/stm32g4xx_hal_spi.c.obj
 .debug_str     0x000d6a2f    0xcf738 cmake/stm32cubemx/CMakeFiles/STM32_Drivers.dir/__/__/Drivers/STM32G4xx_HAL_Driver/Src/stm32g4xx_hal_tim.c.obj
 .debug_str     0x000d6a2f    0xcf3ac cmake/stm32cubemx/CMakeFiles/STM32_Drivers.dir/__/__/Drivers/STM32G4xx_HAL_Driver/Src/stm32g4xx_hal_tim_ex.c.obj
 .debug_str     0x000d6a2f      0x14f /usr/lib/gcc/arm-none-eabi/14.2.0/thumb/v7e-m+fp/hard/libgcc.a(_arm_addsubdf3.o)
 .debug_str     0x000d6a2f       0xcf /usr/lib/gcc/arm-none-eabi/14.2.0/thumb/v7e-m+fp/hard/libgcc.a(_arm_muldivdf3.o)
 .debug_str     0x000d6a2f      0x158 /usr/lib/gcc/arm-none-eabi/14.2.0/thumb/v7e-m+fp/hard/libgcc.a(_arm_cmpdf2.o)
 .debug_str     0x000d6a2f       0xbe /usr/lib/gcc/arm-none-eabi/14.2.0/thumb/v7e-m+fp/hard/libgcc.a(_arm_fixunsdfsi.o)
 .debug_str     0x000d6a2f      0x1bf /usr/lib/gcc/arm-none-eabi/14.2.0/../../../../arm-none-eabi/lib/thumb/v7e-m+fp/hard/libg_nano.a(libc_a-memset.o)
 .debug_str     0x000d6a2f      0x220 /usr/lib/gcc/arm-none-eabi/14.2.0/../../../../arm-none-eabi/lib/thumb/v7e-m+fp/hard/libg_nano.a(libc_a-init.o)

.debug_frame    0x00000000     0x57e4
 .debug_frame   0x00000000      0x360 CMakeFiles/ESC.dir/Core/Src/main.c.obj
 .debug_frame   0x00000360      0x13c CMakeFiles/ESC.dir/Core/Src/stm32g4xx_it.c.obj
 .debug_frame   0x0000049c      0x130 CMakeFiles/ESC.dir/Core/Src/stm32g4xx_hal_msp.c.obj
 .debug_frame   0x000005cc       0x60 CMakeFiles/ESC.dir/Core/Src/pid.c.obj
 .debug_frame   0x0000062c       0x58 cmake/stm32cubemx/CMakeFiles/STM32_Drivers.dir/__/__/Core/Src/system_stm32g4xx.c.obj
 .debug_frame   0x00000684      0xacc cmake/stm32cubemx/CMakeFiles/STM32_Drivers.dir/__/__/Drivers/STM32G4xx_HAL_Driver/Src/stm32g4xx_hal_adc.c.obj
 .debug_frame   0x00001150      0x81c cmake/stm32cubemx/CMakeFiles/STM32_Drivers.dir/__/__/Drivers/STM32G4xx_HAL_Driver/Src/stm32g4xx_hal_adc_ex.c.obj
 .debug_frame   0x0000196c      0x500 cmake/stm32cubemx/CMakeFiles/STM32_Drivers.dir/__/__/Drivers/STM32G4xx_HAL_Driver/Src/stm32g4xx_hal.c.obj
 .debug_frame   0x00001e6c      0x23c cmake/stm32cubemx/CMakeFiles/STM32_Drivers.dir/__/__/Drivers/STM32G4xx_HAL_Driver/Src/stm32g4xx_hal_rcc.c.obj
 .debug_frame   0x000020a8      0x2ac cmake/stm32cubemx/CMakeFiles/STM32_Drivers.dir/__/__/Drivers/STM32G4xx_HAL_Driver/Src/stm32g4xx_hal_rcc_ex.c.obj
 .debug_frame   0x00002354      0x14c cmake/stm32cubemx/CMakeFiles/STM32_Drivers.dir/__/__/Drivers/STM32G4xx_HAL_Driver/Src/stm32g4xx_hal_gpio.c.obj
 .debug_frame   0x000024a0      0x24c cmake/stm32cubemx/CMakeFiles/STM32_Drivers.dir/__/__/Drivers/STM32G4xx_HAL_Driver/Src/stm32g4xx_hal_dma.c.obj
 .debug_frame   0x000026ec      0x4fc cmake/stm32cubemx/CMakeFiles/STM32_Drivers.dir/__/__/Drivers/STM32G4xx_HAL_Driver/Src/stm32g4xx_hal_pwr_ex.c.obj
 .debug_frame   0x00002be8      0x4e8 cmake/stm32cubemx/CMakeFiles/STM32_Drivers.dir/__/__/Drivers/STM32G4xx_HAL_Driver/Src/stm32g4xx_hal_cortex.c.obj
 .debug_frame   0x000030d0      0x860 cmake/stm32cubemx/CMakeFiles/STM32_Drivers.dir/__/__/Drivers/STM32G4xx_HAL_Driver/Src/stm32g4xx_hal_spi.c.obj
 .debug_frame   0x00003930     0x121c cmake/stm32cubemx/CMakeFiles/STM32_Drivers.dir/__/__/Drivers/STM32G4xx_HAL_Driver/Src/stm32g4xx_hal_tim.c.obj
 .debug_frame   0x00004b4c      0xa68 cmake/stm32cubemx/CMakeFiles/STM32_Drivers.dir/__/__/Drivers/STM32G4xx_HAL_Driver/Src/stm32g4xx_hal_tim_ex.c.obj
 .debug_frame   0x000055b4       0xac /usr/lib/gcc/arm-none-eabi/14.2.0/thumb/v7e-m+fp/hard/libgcc.a(_arm_addsubdf3.o)
 .debug_frame   0x00005660       0x50 /usr/lib/gcc/arm-none-eabi/14.2.0/thumb/v7e-m+fp/hard/libgcc.a(_arm_muldivdf3.o)
 .debug_frame   0x000056b0       0xc4 /usr/lib/gcc/arm-none-eabi/14.2.0/thumb/v7e-m+fp/hard/libgcc.a(_arm_cmpdf2.o)
 .debug_frame   0x00005774       0x24 /usr/lib/gcc/arm-none-eabi/14.2.0/thumb/v7e-m+fp/hard/libgcc.a(_arm_fixunsdfsi.o)
 .debug_frame   0x00005798       0x20 /usr/lib/gcc/arm-none-eabi/14.2.0/../../../../arm-none-eabi/lib/thumb/v7e-m+fp/hard/libg_nano.a(libc_a-memset.o)
 .debug_frame   0x000057b8       0x2c /usr/lib/gcc/arm-none-eabi/14.2.0/../../../../arm-none-eabi/lib/thumb/v7e-m+fp/hard/libg_nano.a(libc_a-init.o)

.debug_line_str
                0x00000000       0xfd
 .debug_line_str
                0x00000000       0xfd CMakeFiles/ESC.dir/startup_stm32g431xx.s.obj
                                 0x66 (size before relaxing)
 .debug_line_str
                0x000000fd       0x97 /usr/lib/gcc/arm-none-eabi/14.2.0/thumb/v7e-m+fp/hard/libgcc.a(_arm_addsubdf3.o)
 .debug_line_str
                0x000000fd       0x97 /usr/lib/gcc/arm-none-eabi/14.2.0/thumb/v7e-m+fp/hard/libgcc.a(_arm_muldivdf3.o)
 .debug_line_str
                0x000000fd       0x97 /usr/lib/gcc/arm-none-eabi/14.2.0/thumb/v7e-m+fp/hard/libgcc.a(_arm_cmpdf2.o)
 .debug_line_str
                0x000000fd       0x97 /usr/lib/gcc/arm-none-eabi/14.2.0/thumb/v7e-m+fp/hard/libgcc.a(_arm_fixunsdfsi.o)

.debug_loclists
                0x00000000       0xa1
 .debug_loclists
                0x00000000       0x4d /usr/lib/gcc/arm-none-eabi/14.2.0/../../../../arm-none-eabi/lib/thumb/v7e-m+fp/hard/libg_nano.a(libc_a-memset.o)
 .debug_loclists
                0x0000004d       0x54 /usr/lib/gcc/arm-none-eabi/14.2.0/../../../../arm-none-eabi/lib/thumb/v7e-m+fp/hard/libg_nano.a(libc_a-init.o)
